Archive member included because of file (symbol)

/opt/devkitpro/libogc/lib/wii/libwiiuse.a(wpad.o)
                              wiimote-test.o (WPAD_ReadPending)
/opt/devkitpro/libogc/lib/wii/libwiiuse.a(motion_plus.o)
                              /opt/devkitpro/libogc/lib/wii/libwiiuse.a(wpad.o) (wiiuse_set_motion_plus)
/opt/devkitpro/libogc/lib/wii/libwiiuse.a(dynamics.o)
                              /opt/devkitpro/libogc/lib/wii/libwiiuse.a(wpad.o) (calculate_gforce)
/opt/devkitpro/libogc/lib/wii/libwiiuse.a(io.o)
                              /opt/devkitpro/libogc/lib/wii/libwiiuse.a(motion_plus.o) (wiiuse_disable_expansion)
/opt/devkitpro/libogc/lib/wii/libwiiuse.a(io_wii.o)
                              /opt/devkitpro/libogc/lib/wii/libwiiuse.a(wpad.o) (__wiiuse_sensorbar_enable)
/opt/devkitpro/libogc/lib/wii/libwiiuse.a(ir.o)
                              /opt/devkitpro/libogc/lib/wii/libwiiuse.a(motion_plus.o) (wiiuse_set_ir_mode)
/opt/devkitpro/libogc/lib/wii/libwiiuse.a(nunchuk.o)
                              /opt/devkitpro/libogc/lib/wii/libwiiuse.a(io.o) (nunchuk_handshake)
/opt/devkitpro/libogc/lib/wii/libwiiuse.a(wiiboard.o)
                              /opt/devkitpro/libogc/lib/wii/libwiiuse.a(io.o) (wii_board_handshake)
/opt/devkitpro/libogc/lib/wii/libwiiuse.a(wiiuse.o)
                              /opt/devkitpro/libogc/lib/wii/libwiiuse.a(io_wii.o) (wiiuse_send_next_command)
/opt/devkitpro/libogc/lib/wii/libwiiuse.a(speaker.o)
                              /opt/devkitpro/libogc/lib/wii/libwiiuse.a(wpad.o) (wencdata)
/opt/devkitpro/libogc/lib/wii/libwiiuse.a(classic.o)
                              /opt/devkitpro/libogc/lib/wii/libwiiuse.a(io.o) (classic_ctrl_handshake)
/opt/devkitpro/libogc/lib/wii/libwiiuse.a(events.o)
                              /opt/devkitpro/libogc/lib/wii/libwiiuse.a(io_wii.o) (parse_event)
/opt/devkitpro/libogc/lib/wii/libwiiuse.a(guitar_hero_3.o)
                              /opt/devkitpro/libogc/lib/wii/libwiiuse.a(io.o) (guitar_hero_3_handshake)
/opt/devkitpro/libogc/lib/wii/libbte.a(bte.o)
                              /opt/devkitpro/libogc/lib/wii/libwiiuse.a(wpad.o) (BTE_Init)
/opt/devkitpro/libogc/lib/wii/libbte.a(hci.o)
                              /opt/devkitpro/libogc/lib/wii/libbte.a(bte.o) (hci_init)
/opt/devkitpro/libogc/lib/wii/libbte.a(l2cap.o)
                              /opt/devkitpro/libogc/lib/wii/libbte.a(bte.o) (l2cap_init)
/opt/devkitpro/libogc/lib/wii/libbte.a(btmemb.o)
                              /opt/devkitpro/libogc/lib/wii/libbte.a(bte.o) (btmemb_init)
/opt/devkitpro/libogc/lib/wii/libbte.a(btmemr.o)
                              /opt/devkitpro/libogc/lib/wii/libbte.a(hci.o) (btmemr_init)
/opt/devkitpro/libogc/lib/wii/libbte.a(btpbuf.o)
                              /opt/devkitpro/libogc/lib/wii/libbte.a(hci.o) (btpbuf_init)
/opt/devkitpro/libogc/lib/wii/libbte.a(physbusif.o)
                              /opt/devkitpro/libogc/lib/wii/libbte.a(bte.o) (physbusif_init)
/opt/devkitpro/libogc/lib/wii/libogc.a(console.o)
                              template.o (CON_Init)
/opt/devkitpro/libogc/lib/wii/libogc.a(lwp_queue.o)
                              /opt/devkitpro/libogc/lib/wii/libwiiuse.a(io_wii.o) (__lwp_queue_initialize)
/opt/devkitpro/libogc/lib/wii/libogc.a(lwp_threads.o)
                              /opt/devkitpro/libogc/lib/wii/libwiiuse.a(wpad.o) (_thread_dispatch_disable_level)
/opt/devkitpro/libogc/lib/wii/libogc.a(lwp.o)
                              /opt/devkitpro/libogc/lib/wii/libbte.a(bte.o) (LWP_InitQueue)
/opt/devkitpro/libogc/lib/wii/libogc.a(lwp_handler.o)
                              /opt/devkitpro/libogc/lib/wii/libogc.a(lwp_threads.o) (_cpu_context_save_fp)
/opt/devkitpro/libogc/lib/wii/libogc.a(lwp_stack.o)
                              /opt/devkitpro/libogc/lib/wii/libogc.a(lwp_threads.o) (__lwp_stack_allocate)
/opt/devkitpro/libogc/lib/wii/libogc.a(lwp_watchdog.o)
                              /opt/devkitpro/libogc/lib/wii/libogc.a(lwp_threads.o) (_wd_ticks_queue)
/opt/devkitpro/libogc/lib/wii/libogc.a(lwp_wkspace.o)
                              /opt/devkitpro/libogc/lib/wii/libwiiuse.a(io.o) (__wkspace_heap)
/opt/devkitpro/libogc/lib/wii/libogc.a(lwp_objmgr.o)
                              /opt/devkitpro/libogc/lib/wii/libogc.a(lwp.o) (__lwp_objmgr_initinfo)
/opt/devkitpro/libogc/lib/wii/libogc.a(lwp_heap.o)
                              /opt/devkitpro/libogc/lib/wii/libogc.a(lwp_wkspace.o) (__lwp_heap_init)
/opt/devkitpro/libogc/lib/wii/libogc.a(sys_state.o)
                              /opt/devkitpro/libogc/lib/wii/libogc.a(lwp_threads.o) (_sys_state_curr)
/opt/devkitpro/libogc/lib/wii/libogc.a(irq.o)
                              /opt/devkitpro/libogc/lib/wii/libwiiuse.a(io_wii.o) (IRQ_Disable)
/opt/devkitpro/libogc/lib/wii/libogc.a(video.o)
                              /opt/devkitpro/libogc/lib/wii/libogc.a(console.o) (VIDEO_GetCurrentFramebuffer)
[...]
Memory Configuration

Name             Origin             Length             Attributes
*default*        0x0000000000000000 0xffffffffffffffff

Linker script and memory map

                0x0000000000003400                . = 0x3400

.stub
 *(.stub)
                0x0000000080004000                . = 0x80004000

.init           0x0000000080004000      0x194
 *crt0.o(*.init)
 .init          0x0000000080004000      0x170 /opt/devkitpro/libogc/lib/wii/libogc.a(ogc_crt0.o)
                0x0000000080004000                _start
                0x0000000080004140                _memset
 *(.init)
 .init          0x0000000080004170        0xc /opt/devkitpro/devkitPPC/lib/gcc/powerpc-eabi/4.6.1/ecrti.o
                0x0000000080004170                __init
 .init          0x000000008000417c        0x4 /opt/devkitpro/devkitPPC/lib/gcc/powerpc-eabi/4.6.1/crtbegin.o
 .init          0x0000000080004180        0x4 /opt/devkitpro/devkitPPC/lib/gcc/powerpc-eabi/4.6.1/crtend.o
 .init          0x0000000080004184       0x10 /opt/devkitpro/devkitPPC/lib/gcc/powerpc-eabi/4.6.1/ecrtn.o

.rela.dyn       0x0000000080004194        0x0
 .rela.iplt     0x0000000000000000        0x0 /opt/devkitpro/devkitPPC/lib/gcc/powerpc-eabi/4.6.1/crtbegin.o

.plt
 *(.plt)

.interp
 *(.interp)

.hash
 *(.hash)

.dynsym
 *(.dynsym)

.dynstr
 *(.dynstr)

.gnu.version
 *(.gnu.version)

.gnu.version_d
 *(.gnu.version_d)

.gnu.version_r
 *(.gnu.version_r)

.rel.init
 *(.rel.init)

.rela.init      0x0000000080004194        0x0
 *(.rela.init)
 .rela.init     0x0000000000000000        0x0 /opt/devkitpro/devkitPPC/lib/gcc/powerpc-eabi/4.6.1/crtbegin.o

.rel.text
 *(.rel.text .rel.text.* .rel.gnu.linkonce.t.*)

.rela.text      0x0000000080004194        0x0
 *(.rela.text .rela.text.* .rela.gnu.linkonce.t.*)
 .rela.text     0x0000000000000000        0x0 /opt/devkitpro/devkitPPC/lib/gcc/powerpc-eabi/4.6.1/crtbegin.o
 .rela.text.wiiuse_handshake_expansion
                0x0000000000000000        0x0 /opt/devkitpro/devkitPPC/lib/gcc/powerpc-eabi/4.6.1/crtbegin.o
 .rela.text.wiiuse_handshake
                0x0000000000000000        0x0 /opt/devkitpro/devkitPPC/lib/gcc/powerpc-eabi/4.6.1/crtbegin.o
 .rela.text.wiiuse_init_cmd_queue
                0x0000000000000000        0x0 /opt/devkitpro/devkitPPC/lib/gcc/powerpc-eabi/4.6.1/crtbegin.o
 .rela.text.wiiuse_init
                0x0000000000000000        0x0 /opt/devkitpro/devkitPPC/lib/gcc/powerpc-eabi/4.6.1/crtbegin.o
 .rela.text.bt_alarmhandler
                0x0000000000000000        0x0 /opt/devkitpro/devkitPPC/lib/gcc/powerpc-eabi/4.6.1/crtbegin.o
 .rela.text.__console_init
                0x0000000000000000        0x0 /opt/devkitpro/devkitPPC/lib/gcc/powerpc-eabi/4.6.1/crtbegin.o
 .rela.text.__console_init_ex
                0x0000000000000000        0x0 /opt/devkitpro/devkitPPC/lib/gcc/powerpc-eabi/4.6.1/crtbegin.o
 .rela.text.CON_EnableGecko
                0x0000000000000000        0x0 /opt/devkitpro/devkitPPC/lib/gcc/powerpc-eabi/4.6.1/crtbegin.o
 .rela.text.__lwp_thread_calcheir
                0x0000000000000000        0x0 /opt/devkitpro/devkitPPC/lib/gcc/powerpc-eabi/4.6.1/crtbegin.o
 .rela.text.__lwp_wd_insert_ticks.constprop.4
                0x0000000000000000        0x0 /opt/devkitpro/devkitPPC/lib/gcc/powerpc-eabi/4.6.1/crtbegin.o
 .rela.text.__lwp_rotate_readyqueue
                0x0000000000000000        0x0 /opt/devkitpro/devkitPPC/lib/gcc/powerpc-eabi/4.6.1/crtbegin.o
 .rela.text.__lwp_thread_setpriority
                0x0000000000000000        0x0 /opt/devkitpro/devkitPPC/lib/gcc/powerpc-eabi/4.6.1/crtbegin.o
 .rela.text.__lwp_thread_close
                0x0000000000000000        0x0 /opt/devkitpro/devkitPPC/lib/gcc/powerpc-eabi/4.6.1/crtbegin.o
 .rela.text.__lwp_thread_closeall
                0x0000000000000000        0x0 /opt/devkitpro/devkitPPC/lib/gcc/powerpc-eabi/4.6.1/crtbegin.o
 .rela.text.__lwp_thread_startmultitasking
                0x0000000000000000        0x0 /opt/devkitpro/devkitPPC/lib/gcc/powerpc-eabi/4.6.1/crtbegin.o
 .rela.text.__lwp_thread_stopmultitasking
                0x0000000000000000        0x0 /opt/devkitpro/devkitPPC/lib/gcc/powerpc-eabi/4.6.1/crtbegin.o
 .rela.text.__lwp_thread_coreinit
                0x0000000000000000        0x0 /opt/devkitpro/devkitPPC/lib/gcc/powerpc-eabi/4.6.1/crtbegin.o
 .rela.text.__lwp_cntrl_free
                0x0000000000000000        0x0 /opt/devkitpro/devkitPPC/lib/gcc/powerpc-eabi/4.6.1/crtbegin.o
 .rela.text.__lwp_tqueue_open
                0x0000000000000000        0x0 /opt/devkitpro/devkitPPC/lib/gcc/powerpc-eabi/4.6.1/crtbegin.o
 .rela.text.__lwp_cntrl_open
                0x0000000000000000        0x0 /opt/devkitpro/devkitPPC/lib/gcc/powerpc-eabi/4.6.1/crtbegin.o
 .rela.text.__lwp_sysinit
                0x0000000000000000        0x0 /opt/devkitpro/devkitPPC/lib/gcc/powerpc-eabi/4.6.1/crtbegin.o
 .rela.text.__lwp_thread_isalive
                0x0000000000000000        0x0 /opt/devkitpro/devkitPPC/lib/gcc/powerpc-eabi/4.6.1/crtbegin.o
 .rela.text.__lwp_thread_exists
                0x0000000000000000        0x0 /opt/devkitpro/devkitPPC/lib/gcc/powerpc-eabi/4.6.1/crtbegin.o
 .rela.text.__lwp_thread_context
                0x0000000000000000        0x0 /opt/devkitpro/devkitPPC/lib/gcc/powerpc-eabi/4.6.1/crtbegin.o
 .rela.text.LWP_CreateThread
                0x0000000000000000        0x0 /opt/devkitpro/devkitPPC/lib/gcc/powerpc-eabi/4.6.1/crtbegin.o
 .rela.text.LWP_InitQueue
                0x0000000000000000        0x0 /opt/devkitpro/devkitPPC/lib/gcc/powerpc-eabi/4.6.1/crtbegin.o
 .rela.text.LWP_CloseQueue
                0x0000000000000000        0x0 /opt/devkitpro/devkitPPC/lib/gcc/powerpc-eabi/4.6.1/crtbegin.o
 .rela.text.__lwp_stack_allocate
                0x0000000000000000        0x0 /opt/devkitpro/devkitPPC/lib/gcc/powerpc-eabi/4.6.1/crtbegin.o
 .rela.text.__lwp_stack_free
                0x0000000000000000        0x0 /opt/devkitpro/devkitPPC/lib/gcc/powerpc-eabi/4.6.1/crtbegin.o
 .rela.text.__lwp_watchdog_init
                0x0000000000000000        0x0 /opt/devkitpro/devkitPPC/lib/gcc/powerpc-eabi/4.6.1/crtbegin.o
 .rela.text.__lwp_wd_tickle
                0x0000000000000000        0x0 /opt/devkitpro/devkitPPC/lib/gcc/powerpc-eabi/4.6.1/crtbegin.o
 .rela.text.__lwp_wkspace_heapfree
                0x0000000000000000        0x0 /opt/devkitpro/devkitPPC/lib/gcc/powerpc-eabi/4.6.1/crtbegin.o
 .rela.text.__lwp_wkspace_heapused
                0x0000000000000000        0x0 /opt/devkitpro/devkitPPC/lib/gcc/powerpc-eabi/4.6.1/crtbegin.o
 .rela.text.__lwp_wkspace_init
                0x0000000000000000        0x0 /opt/devkitpro/devkitPPC/lib/gcc/powerpc-eabi/4.6.1/crtbegin.o
 .rela.text.__lwp_objmgr_initinfo
                0x0000000000000000        0x0 /opt/devkitpro/devkitPPC/lib/gcc/powerpc-eabi/4.6.1/crtbegin.o
 .rela.text.__irq_init
                0x0000000000000000        0x0 /opt/devkitpro/devkitPPC/lib/gcc/powerpc-eabi/4.6.1/crtbegin.o
 .rela.text.__call_resetfuncs
                0x0000000000000000        0x0 /opt/devkitpro/devkitPPC/lib/gcc/powerpc-eabi/4.6.1/crtbegin.o
 .rela.text.__locksram
                0x0000000000000000        0x0 /opt/devkitpro/devkitPPC/lib/gcc/powerpc-eabi/4.6.1/crtbegin.o
 .rela.text.__lwp_wd_insert_ticks
                0x0000000000000000        0x0 /opt/devkitpro/devkitPPC/lib/gcc/powerpc-eabi/4.6.1/crtbegin.o
 .rela.text.__unlocksram
                0x0000000000000000        0x0 /opt/devkitpro/devkitPPC/lib/gcc/powerpc-eabi/4.6.1/crtbegin.o
 .rela.text.__sram_writecallback
                0x0000000000000000        0x0 /opt/devkitpro/devkitPPC/lib/gcc/powerpc-eabi/4.6.1/crtbegin.o
 .rela.text.__sram_init
                0x0000000000000000        0x0 /opt/devkitpro/devkitPPC/lib/gcc/powerpc-eabi/4.6.1/crtbegin.o
 .rela.text.__SYS_SyncSram
                0x0000000000000000        0x0 /opt/devkitpro/devkitPPC/lib/gcc/powerpc-eabi/4.6.1/crtbegin.o
 .rela.text.SYS_Init
                0x0000000000000000        0x0 /opt/devkitpro/devkitPPC/lib/gcc/powerpc-eabi/4.6.1/crtbegin.o
 .rela.text.SYS_RemoveAlarm
                0x0000000000000000        0x0 /opt/devkitpro/devkitPPC/lib/gcc/powerpc-eabi/4.6.1/crtbegin.o
 .rela.text.SYS_CancelAlarm
                0x0000000000000000        0x0 /opt/devkitpro/devkitPPC/lib/gcc/powerpc-eabi/4.6.1/crtbegin.o
 .rela.text.__lwp_cond_open
                0x0000000000000000        0x0 /opt/devkitpro/devkitPPC/lib/gcc/powerpc-eabi/4.6.1/crtbegin.o
 .rela.text.__lwp_cond_init
                0x0000000000000000        0x0 /opt/devkitpro/devkitPPC/lib/gcc/powerpc-eabi/4.6.1/crtbegin.o
 .rela.text.LWP_CondInit
                0x0000000000000000        0x0 /opt/devkitpro/devkitPPC/lib/gcc/powerpc-eabi/4.6.1/crtbegin.o
 .rela.text.LWP_CondDestroy
                0x0000000000000000        0x0 /opt/devkitpro/devkitPPC/lib/gcc/powerpc-eabi/4.6.1/crtbegin.o
 .rela.text.c_decrementer_handler
                0x0000000000000000        0x0 /opt/devkitpro/devkitPPC/lib/gcc/powerpc-eabi/4.6.1/crtbegin.o
 .rela.text.__lwp_mqbox_free
                0x0000000000000000        0x0 /opt/devkitpro/devkitPPC/lib/gcc/powerpc-eabi/4.6.1/crtbegin.o
 .rela.text.__lwp_mqbox_open
                0x0000000000000000        0x0 /opt/devkitpro/devkitPPC/lib/gcc/powerpc-eabi/4.6.1/crtbegin.o
 .rela.text.__lwp_mqbox_init
                0x0000000000000000        0x0 /opt/devkitpro/devkitPPC/lib/gcc/powerpc-eabi/4.6.1/crtbegin.o
 .rela.text.MQ_Init
                0x0000000000000000        0x0 /opt/devkitpro/devkitPPC/lib/gcc/powerpc-eabi/4.6.1/crtbegin.o
 .rela.text.__ios_ioctlvformat_parse
                0x0000000000000000        0x0 /opt/devkitpro/devkitPPC/lib/gcc/powerpc-eabi/4.6.1/crtbegin.o
 .rela.text.__ioctlvfmtCB
                0x0000000000000000        0x0 /opt/devkitpro/devkitPPC/lib/gcc/powerpc-eabi/4.6.1/crtbegin.o
 .rela.text.IOS_IoctlvFormat
                0x0000000000000000        0x0 /opt/devkitpro/devkitPPC/lib/gcc/powerpc-eabi/4.6.1/crtbegin.o
 .rela.text.IOS_IoctlvFormatAsync
                0x0000000000000000        0x0 /opt/devkitpro/devkitPPC/lib/gcc/powerpc-eabi/4.6.1/crtbegin.o
 .rela.text.nanosleep
                0x0000000000000000        0x0 /opt/devkitpro/devkitPPC/lib/gcc/powerpc-eabi/4.6.1/crtbegin.o
 .rela.text.__libc_delete_hook
                0x0000000000000000        0x0 /opt/devkitpro/devkitPPC/lib/gcc/powerpc-eabi/4.6.1/crtbegin.o
 .rela.text.__libc_init
                0x0000000000000000        0x0 /opt/devkitpro/devkitPPC/lib/gcc/powerpc-eabi/4.6.1/crtbegin.o
 .rela.text.__libc_wrapup
                0x0000000000000000        0x0 /opt/devkitpro/devkitPPC/lib/gcc/powerpc-eabi/4.6.1/crtbegin.o
 .rela.text.__CheckARGV
                0x0000000000000000        0x0 /opt/devkitpro/devkitPPC/lib/gcc/powerpc-eabi/4.6.1/crtbegin.o
 .rela.text.__lwp_priority_init
                0x0000000000000000        0x0 /opt/devkitpro/devkitPPC/lib/gcc/powerpc-eabi/4.6.1/crtbegin.o
 .rela.text.__lwp_wd_remove_ticks
                0x0000000000000000        0x0 /opt/devkitpro/devkitPPC/lib/gcc/powerpc-eabi/4.6.1/crtbegin.o
 .rela.text.__lwp_threadqueue_enqueue
                0x0000000000000000        0x0 /opt/devkitpro/devkitPPC/lib/gcc/powerpc-eabi/4.6.1/crtbegin.o
 .rela.text.__lwpmq_initialize
                0x0000000000000000        0x0 /opt/devkitpro/devkitPPC/lib/gcc/powerpc-eabi/4.6.1/crtbegin.o
 .rela.text.__lwpmq_close
                0x0000000000000000        0x0 /opt/devkitpro/devkitPPC/lib/gcc/powerpc-eabi/4.6.1/crtbegin.o
 .rela.text.__systemcall_init
                0x0000000000000000        0x0 /opt/devkitpro/devkitPPC/lib/gcc/powerpc-eabi/4.6.1/crtbegin.o
 .rela.text.__exception_init
                0x0000000000000000        0x0 /opt/devkitpro/devkitPPC/lib/gcc/powerpc-eabi/4.6.1/crtbegin.o
 .rela.text.__exception_close
                0x0000000000000000        0x0 /opt/devkitpro/devkitPPC/lib/gcc/powerpc-eabi/4.6.1/crtbegin.o
 .rela.text.__exception_sethandler
                0x0000000000000000        0x0 /opt/devkitpro/devkitPPC/lib/gcc/powerpc-eabi/4.6.1/crtbegin.o
 .rela.text.__lwp_sema_open
                0x0000000000000000        0x0 /opt/devkitpro/devkitPPC/lib/gcc/powerpc-eabi/4.6.1/crtbegin.o
 .rela.text.__lwp_sema_init
                0x0000000000000000        0x0 /opt/devkitpro/devkitPPC/lib/gcc/powerpc-eabi/4.6.1/crtbegin.o
 .rela.text.LWP_SemInit
                0x0000000000000000        0x0 /opt/devkitpro/devkitPPC/lib/gcc/powerpc-eabi/4.6.1/crtbegin.o
 .rela.text.LWP_SemDestroy
                0x0000000000000000        0x0 /opt/devkitpro/devkitPPC/lib/gcc/powerpc-eabi/4.6.1/crtbegin.o
 .rela.text.__lwp_mutex_locksupp.constprop.7
                0x0000000000000000        0x0 /opt/devkitpro/devkitPPC/lib/gcc/powerpc-eabi/4.6.1/crtbegin.o
 .rela.text.__lwp_mutex_init
                0x0000000000000000        0x0 /opt/devkitpro/devkitPPC/lib/gcc/powerpc-eabi/4.6.1/crtbegin.o
 .rela.text.LWP_MutexInit
                0x0000000000000000        0x0 /opt/devkitpro/devkitPPC/lib/gcc/powerpc-eabi/4.6.1/crtbegin.o
 .rela.text.LWP_MutexDestroy
                0x0000000000000000        0x0 /opt/devkitpro/devkitPPC/lib/gcc/powerpc-eabi/4.6.1/crtbegin.o
 .rela.text.LWP_MutexUnlock
                0x0000000000000000        0x0 /opt/devkitpro/devkitPPC/lib/gcc/powerpc-eabi/4.6.1/crtbegin.o
 .rela.text.__GX_FifoLink
                0x0000000000000000        0x0 /opt/devkitpro/devkitPPC/lib/gcc/powerpc-eabi/4.6.1/crtbegin.o
 .rela.text.__GX_WriteFifoIntEnable
                0x0000000000000000        0x0 /opt/devkitpro/devkitPPC/lib/gcc/powerpc-eabi/4.6.1/crtbegin.o
 .rela.text.__GX_FifoReadEnable
                0x0000000000000000        0x0 /opt/devkitpro/devkitPPC/lib/gcc/powerpc-eabi/4.6.1/crtbegin.o
 .rela.text.__GX_FifoReadDisable
                0x0000000000000000        0x0 /opt/devkitpro/devkitPPC/lib/gcc/powerpc-eabi/4.6.1/crtbegin.o
 .rela.text.__GX_InitRevBits
                0x0000000000000000        0x0 /opt/devkitpro/devkitPPC/lib/gcc/powerpc-eabi/4.6.1/crtbegin.o
 .rela.text.__GXDefTexRegionCallback
                0x0000000000000000        0x0 /opt/devkitpro/devkitPPC/lib/gcc/powerpc-eabi/4.6.1/crtbegin.o
 .rela.text.__GXDefTlutRegionCallback
                0x0000000000000000        0x0 /opt/devkitpro/devkitPPC/lib/gcc/powerpc-eabi/4.6.1/crtbegin.o
 .rela.text.__GX_FlushTextureState
                0x0000000000000000        0x0 /opt/devkitpro/devkitPPC/lib/gcc/powerpc-eabi/4.6.1/crtbegin.o
 .rela.text.__SetSURegs
                0x0000000000000000        0x0 /opt/devkitpro/devkitPPC/lib/gcc/powerpc-eabi/4.6.1/crtbegin.o
 .rela.text.__SETVCDFMT
                0x0000000000000000        0x0 /opt/devkitpro/devkitPPC/lib/gcc/powerpc-eabi/4.6.1/crtbegin.o
 .rela.text.__GX_SetMatrixIndex
                0x0000000000000000        0x0 /opt/devkitpro/devkitPPC/lib/gcc/powerpc-eabi/4.6.1/crtbegin.o
 .rela.text.__GX_SetDirtyState
                0x0000000000000000        0x0 /opt/devkitpro/devkitPPC/lib/gcc/powerpc-eabi/4.6.1/crtbegin.o
 .rela.text.__SETVCDATTR
                0x0000000000000000        0x0 /opt/devkitpro/devkitPPC/lib/gcc/powerpc-eabi/4.6.1/crtbegin.o
 .rela.text.__GX_WriteFifoIntReset.constprop.6
                0x0000000000000000        0x0 /opt/devkitpro/devkitPPC/lib/gcc/powerpc-eabi/4.6.1/crtbegin.o
 .rela.text.__GXCPInterruptHandler
                0x0000000000000000        0x0 /opt/devkitpro/devkitPPC/lib/gcc/powerpc-eabi/4.6.1/crtbegin.o
 .rela.text.GX_Flush
                0x0000000000000000        0x0 /opt/devkitpro/devkitPPC/lib/gcc/powerpc-eabi/4.6.1/crtbegin.o
 .rela.text.GX_EnableBreakPt
                0x0000000000000000        0x0 /opt/devkitpro/devkitPPC/lib/gcc/powerpc-eabi/4.6.1/crtbegin.o
 .rela.text.GX_DisableBreakPt
                0x0000000000000000        0x0 /opt/devkitpro/devkitPPC/lib/gcc/powerpc-eabi/4.6.1/crtbegin.o
 .rela.text.GX_AbortFrame
                0x0000000000000000        0x0 /opt/devkitpro/devkitPPC/lib/gcc/powerpc-eabi/4.6.1/crtbegin.o
 .rela.text.GX_PixModeSync
                0x0000000000000000        0x0 /opt/devkitpro/devkitPPC/lib/gcc/powerpc-eabi/4.6.1/crtbegin.o
 .rela.text.GX_SetMisc
                0x0000000000000000        0x0 /opt/devkitpro/devkitPPC/lib/gcc/powerpc-eabi/4.6.1/crtbegin.o
 .rela.text.GX_SetCopyClamp
                0x0000000000000000        0x0 /opt/devkitpro/devkitPPC/lib/gcc/powerpc-eabi/4.6.1/crtbegin.o
 .rela.text.GX_SetDispCopyGamma
                0x0000000000000000        0x0 /opt/devkitpro/devkitPPC/lib/gcc/powerpc-eabi/4.6.1/crtbegin.o
 .rela.text.GX_SetDispCopyFrame2Field
                0x0000000000000000        0x0 /opt/devkitpro/devkitPPC/lib/gcc/powerpc-eabi/4.6.1/crtbegin.o
 .rela.text.GX_SetDispCopyYScale
                0x0000000000000000        0x0 /opt/devkitpro/devkitPPC/lib/gcc/powerpc-eabi/4.6.1/crtbegin.o
 .rela.text.GX_SetDispCopyDst
                0x0000000000000000        0x0 /opt/devkitpro/devkitPPC/lib/gcc/powerpc-eabi/4.6.1/crtbegin.o
 .rela.text.GX_SetDispCopySrc
                0x0000000000000000        0x0 /opt/devkitpro/devkitPPC/lib/gcc/powerpc-eabi/4.6.1/crtbegin.o
 .rela.text.GX_CopyDisp
                0x0000000000000000        0x0 /opt/devkitpro/devkitPPC/lib/gcc/powerpc-eabi/4.6.1/crtbegin.o
 .rela.text.GX_CopyTex
                0x0000000000000000        0x0 /opt/devkitpro/devkitPPC/lib/gcc/powerpc-eabi/4.6.1/crtbegin.o
 .rela.text.GX_SetTexCopySrc
                0x0000000000000000        0x0 /opt/devkitpro/devkitPPC/lib/gcc/powerpc-eabi/4.6.1/crtbegin.o
 .rela.text.GX_SetTexCopyDst
                0x0000000000000000        0x0 /opt/devkitpro/devkitPPC/lib/gcc/powerpc-eabi/4.6.1/crtbegin.o
 .rela.text.GX_BeginDispList
                0x0000000000000000        0x0 /opt/devkitpro/devkitPPC/lib/gcc/powerpc-eabi/4.6.1/crtbegin.o
 .rela.text.GX_EndDispList
                0x0000000000000000        0x0 /opt/devkitpro/devkitPPC/lib/gcc/powerpc-eabi/4.6.1/crtbegin.o
 .rela.text.GX_CallDispList
                0x0000000000000000        0x0 /opt/devkitpro/devkitPPC/lib/gcc/powerpc-eabi/4.6.1/crtbegin.o
 .rela.text.GX_SetChanCtrl
                0x0000000000000000        0x0 /opt/devkitpro/devkitPPC/lib/gcc/powerpc-eabi/4.6.1/crtbegin.o
 .rela.text.GX_SetChanAmbColor
                0x0000000000000000        0x0 /opt/devkitpro/devkitPPC/lib/gcc/powerpc-eabi/4.6.1/crtbegin.o
 .rela.text.GX_SetChanMatColor
                0x0000000000000000        0x0 /opt/devkitpro/devkitPPC/lib/gcc/powerpc-eabi/4.6.1/crtbegin.o
 .rela.text.GX_SetVtxDesc
                0x0000000000000000        0x0 /opt/devkitpro/devkitPPC/lib/gcc/powerpc-eabi/4.6.1/crtbegin.o
 .rela.text.GX_SetVtxDescv
                0x0000000000000000        0x0 /opt/devkitpro/devkitPPC/lib/gcc/powerpc-eabi/4.6.1/crtbegin.o
 .rela.text.GX_GetVtxDescv
                0x0000000000000000        0x0 /opt/devkitpro/devkitPPC/lib/gcc/powerpc-eabi/4.6.1/crtbegin.o
 .rela.text.GX_SetVtxAttrFmt
                0x0000000000000000        0x0 /opt/devkitpro/devkitPPC/lib/gcc/powerpc-eabi/4.6.1/crtbegin.o
 .rela.text.GX_SetVtxAttrFmtv
                0x0000000000000000        0x0 /opt/devkitpro/devkitPPC/lib/gcc/powerpc-eabi/4.6.1/crtbegin.o
 .rela.text.GX_Begin
                0x0000000000000000        0x0 /opt/devkitpro/devkitPPC/lib/gcc/powerpc-eabi/4.6.1/crtbegin.o
 .rela.text.GX_SetTexCoordGen2
                0x0000000000000000        0x0 /opt/devkitpro/devkitPPC/lib/gcc/powerpc-eabi/4.6.1/crtbegin.o
 .rela.text.GX_SetCurrentMtx
                0x0000000000000000        0x0 /opt/devkitpro/devkitPPC/lib/gcc/powerpc-eabi/4.6.1/crtbegin.o
 .rela.text.GX_SetNumTexGens
                0x0000000000000000        0x0 /opt/devkitpro/devkitPPC/lib/gcc/powerpc-eabi/4.6.1/crtbegin.o
 .rela.text.GX_SetZMode
                0x0000000000000000        0x0 /opt/devkitpro/devkitPPC/lib/gcc/powerpc-eabi/4.6.1/crtbegin.o
 .rela.text.GX_LoadTexObjPreloaded
                0x0000000000000000        0x0 /opt/devkitpro/devkitPPC/lib/gcc/powerpc-eabi/4.6.1/crtbegin.o
 .rela.text.GX_SetTexCoordScaleManually
                0x0000000000000000        0x0 /opt/devkitpro/devkitPPC/lib/gcc/powerpc-eabi/4.6.1/crtbegin.o
 .rela.text.GX_SetTexCoordCylWrap
                0x0000000000000000        0x0 /opt/devkitpro/devkitPPC/lib/gcc/powerpc-eabi/4.6.1/crtbegin.o
 .rela.text.GX_SetTexCoordBias
                0x0000000000000000        0x0 /opt/devkitpro/devkitPPC/lib/gcc/powerpc-eabi/4.6.1/crtbegin.o
 .rela.text.GX_SetBlendMode
                0x0000000000000000        0x0 /opt/devkitpro/devkitPPC/lib/gcc/powerpc-eabi/4.6.1/crtbegin.o
 .rela.text.GX_ClearVtxDesc
                0x0000000000000000        0x0 /opt/devkitpro/devkitPPC/lib/gcc/powerpc-eabi/4.6.1/crtbegin.o
 .rela.text.GX_SetLineWidth
                0x0000000000000000        0x0 /opt/devkitpro/devkitPPC/lib/gcc/powerpc-eabi/4.6.1/crtbegin.o
 .rela.text.GX_SetPointSize
                0x0000000000000000        0x0 /opt/devkitpro/devkitPPC/lib/gcc/powerpc-eabi/4.6.1/crtbegin.o
 .rela.text.GX_SetTevColorIn
                0x0000000000000000        0x0 /opt/devkitpro/devkitPPC/lib/gcc/powerpc-eabi/4.6.1/crtbegin.o
 .rela.text.GX_SetTevAlphaIn
                0x0000000000000000        0x0 /opt/devkitpro/devkitPPC/lib/gcc/powerpc-eabi/4.6.1/crtbegin.o
 .rela.text.GX_SetTevColorOp
                0x0000000000000000        0x0 /opt/devkitpro/devkitPPC/lib/gcc/powerpc-eabi/4.6.1/crtbegin.o
 .rela.text.GX_SetTevAlphaOp
                0x0000000000000000        0x0 /opt/devkitpro/devkitPPC/lib/gcc/powerpc-eabi/4.6.1/crtbegin.o
 .rela.text.GX_SetCullMode
                0x0000000000000000        0x0 /opt/devkitpro/devkitPPC/lib/gcc/powerpc-eabi/4.6.1/crtbegin.o
 .rela.text.GX_SetCoPlanar
                0x0000000000000000        0x0 /opt/devkitpro/devkitPPC/lib/gcc/powerpc-eabi/4.6.1/crtbegin.o
 .rela.text.GX_EnableTexOffsets
                0x0000000000000000        0x0 /opt/devkitpro/devkitPPC/lib/gcc/powerpc-eabi/4.6.1/crtbegin.o
 .rela.text.GX_SetScissor
                0x0000000000000000        0x0 /opt/devkitpro/devkitPPC/lib/gcc/powerpc-eabi/4.6.1/crtbegin.o
 .rela.text.GX_SetNumChans
                0x0000000000000000        0x0 /opt/devkitpro/devkitPPC/lib/gcc/powerpc-eabi/4.6.1/crtbegin.o
 .rela.text.GX_SetTevOrder
                0x0000000000000000        0x0 /opt/devkitpro/devkitPPC/lib/gcc/powerpc-eabi/4.6.1/crtbegin.o
 .rela.text.GX_SetNumTevStages
                0x0000000000000000        0x0 /opt/devkitpro/devkitPPC/lib/gcc/powerpc-eabi/4.6.1/crtbegin.o
 .rela.text.GX_SetTevKColorSel
                0x0000000000000000        0x0 /opt/devkitpro/devkitPPC/lib/gcc/powerpc-eabi/4.6.1/crtbegin.o
 .rela.text.GX_SetTevKAlphaSel
                0x0000000000000000        0x0 /opt/devkitpro/devkitPPC/lib/gcc/powerpc-eabi/4.6.1/crtbegin.o
 .rela.text.GX_SetTevSwapMode
                0x0000000000000000        0x0 /opt/devkitpro/devkitPPC/lib/gcc/powerpc-eabi/4.6.1/crtbegin.o
 .rela.text.GX_SetTevSwapModeTable
                0x0000000000000000        0x0 /opt/devkitpro/devkitPPC/lib/gcc/powerpc-eabi/4.6.1/crtbegin.o
 .rela.text.GX_SetNumIndStages
                0x0000000000000000        0x0 /opt/devkitpro/devkitPPC/lib/gcc/powerpc-eabi/4.6.1/crtbegin.o
 .rela.text.GX_SetIndTexCoordScale
                0x0000000000000000        0x0 /opt/devkitpro/devkitPPC/lib/gcc/powerpc-eabi/4.6.1/crtbegin.o
 .rela.text.GX_SetColorUpdate
                0x0000000000000000        0x0 /opt/devkitpro/devkitPPC/lib/gcc/powerpc-eabi/4.6.1/crtbegin.o
 .rela.text.GX_SetAlphaUpdate
                0x0000000000000000        0x0 /opt/devkitpro/devkitPPC/lib/gcc/powerpc-eabi/4.6.1/crtbegin.o
 .rela.text.GX_SetZCompLoc
                0x0000000000000000        0x0 /opt/devkitpro/devkitPPC/lib/gcc/powerpc-eabi/4.6.1/crtbegin.o
 .rela.text.GX_SetPixelFmt
                0x0000000000000000        0x0 /opt/devkitpro/devkitPPC/lib/gcc/powerpc-eabi/4.6.1/crtbegin.o
 .rela.text.GX_SetDither
                0x0000000000000000        0x0 /opt/devkitpro/devkitPPC/lib/gcc/powerpc-eabi/4.6.1/crtbegin.o
 .rela.text.GX_SetDstAlpha
                0x0000000000000000        0x0 /opt/devkitpro/devkitPPC/lib/gcc/powerpc-eabi/4.6.1/crtbegin.o
 .rela.text.GX_SetFieldMode
                0x0000000000000000        0x0 /opt/devkitpro/devkitPPC/lib/gcc/powerpc-eabi/4.6.1/crtbegin.o
 .rela.text.GX_SetIndTexOrder
                0x0000000000000000        0x0 /opt/devkitpro/devkitPPC/lib/gcc/powerpc-eabi/4.6.1/crtbegin.o
 .rela.text.GX_SetGPMetric
                0x0000000000000000        0x0 /opt/devkitpro/devkitPPC/lib/gcc/powerpc-eabi/4.6.1/crtbegin.o
 .rela.text.GX_Init
                0x0000000000000000        0x0 /opt/devkitpro/devkitPPC/lib/gcc/powerpc-eabi/4.6.1/crtbegin.o
 .rela.text.GX_ReadGPMetric
                0x0000000000000000        0x0 /opt/devkitpro/devkitPPC/lib/gcc/powerpc-eabi/4.6.1/crtbegin.o
 .rela.text.kprintf
                0x0000000000000000        0x0 /opt/devkitpro/devkitPPC/lib/gcc/powerpc-eabi/4.6.1/crtbegin.o
 .rela.text.atangent
                0x0000000000000000        0x0 /opt/devkitpro/devkitPPC/lib/gcc/powerpc-eabi/4.6.1/crtbegin.o
 .rela.text.atangentf
                0x0000000000000000        0x0 /opt/devkitpro/devkitPPC/lib/gcc/powerpc-eabi/4.6.1/crtbegin.o
 .rela.text.sinef
                0x0000000000000000        0x0 /opt/devkitpro/devkitPPC/lib/gcc/powerpc-eabi/4.6.1/crtbegin.o
 .rela.text.sqrtf
                0x0000000000000000        0x0 /opt/devkitpro/devkitPPC/lib/gcc/powerpc-eabi/4.6.1/crtbegin.o
 .rela.text.calloc
                0x0000000000000000        0x0 /opt/devkitpro/devkitPPC/lib/gcc/powerpc-eabi/4.6.1/crtbegin.o
 .rela.text.__errno
                0x0000000000000000        0x0 /opt/devkitpro/devkitPPC/lib/gcc/powerpc-eabi/4.6.1/crtbegin.o
 .rela.text.exit
                0x0000000000000000        0x0 /opt/devkitpro/devkitPPC/lib/gcc/powerpc-eabi/4.6.1/crtbegin.o
 .rela.text.fprintf
                0x0000000000000000        0x0 /opt/devkitpro/devkitPPC/lib/gcc/powerpc-eabi/4.6.1/crtbegin.o
 .rela.text.fputs
                0x0000000000000000        0x0 /opt/devkitpro/devkitPPC/lib/gcc/powerpc-eabi/4.6.1/crtbegin.o
 .rela.text._malloc_trim_r
                0x0000000000000000        0x0 /opt/devkitpro/devkitPPC/lib/gcc/powerpc-eabi/4.6.1/crtbegin.o
 .rela.text._free_r
                0x0000000000000000        0x0 /opt/devkitpro/devkitPPC/lib/gcc/powerpc-eabi/4.6.1/crtbegin.o
 .rela.text.setvbuf
                0x0000000000000000        0x0 /opt/devkitpro/devkitPPC/lib/gcc/powerpc-eabi/4.6.1/crtbegin.o
 .rela.text._svfprintf_r
                0x0000000000000000        0x0 /opt/devkitpro/devkitPPC/lib/gcc/powerpc-eabi/4.6.1/crtbegin.o
 .rela.text._vfprintf_r
                0x0000000000000000        0x0 /opt/devkitpro/devkitPPC/lib/gcc/powerpc-eabi/4.6.1/crtbegin.o
 .rela.text._wcrtomb_r
                0x0000000000000000        0x0 /opt/devkitpro/devkitPPC/lib/gcc/powerpc-eabi/4.6.1/crtbegin.o
 .rela.text.wcrtomb
                0x0000000000000000        0x0 /opt/devkitpro/devkitPPC/lib/gcc/powerpc-eabi/4.6.1/crtbegin.o
 .rela.text.__call_exitprocs
                0x0000000000000000        0x0 /opt/devkitpro/devkitPPC/lib/gcc/powerpc-eabi/4.6.1/crtbegin.o
 .rela.text._dtoa_r
                0x0000000000000000        0x0 /opt/devkitpro/devkitPPC/lib/gcc/powerpc-eabi/4.6.1/crtbegin.o
 .rela.text._cleanup_r
                0x0000000000000000        0x0 /opt/devkitpro/devkitPPC/lib/gcc/powerpc-eabi/4.6.1/crtbegin.o
 .rela.text.std.isra.0
                0x0000000000000000        0x0 /opt/devkitpro/devkitPPC/lib/gcc/powerpc-eabi/4.6.1/crtbegin.o
 .rela.text.loadlocale
                0x0000000000000000        0x0 /opt/devkitpro/devkitPPC/lib/gcc/powerpc-eabi/4.6.1/crtbegin.o
 .rela.text.__smakebuf_r
                0x0000000000000000        0x0 /opt/devkitpro/devkitPPC/lib/gcc/powerpc-eabi/4.6.1/crtbegin.o
 .rela.text._findenv_r
                0x0000000000000000        0x0 /opt/devkitpro/devkitPPC/lib/gcc/powerpc-eabi/4.6.1/crtbegin.o

.rel.fini
 *(.rel.fini)

.rela.fini
 *(.rela.fini)

.rel.rodata
 *(.rel.rodata .rel.rodata.* .rel.gnu.linkonce.r.*)

.rela.rodata
 *(.rela.rodata .rela.rodata.* .rela.gnu.linkonce.r.*)

.rel.data
 *(.rel.data .rel.data.* .rel.gnu.linkonce.d.*)

.rela.data
 *(.rela.data .rela.data.* .rela.gnu.linkonce.d.*)

.rel.tdata
 *(.rel.tdata .rel.tdata.* .rel.gnu.linkonce.td.*)

.rela.tdata
 *(.rela.tdata .rela.tdata.* .rela.gnu.linkonce.td.*)

.rel.tbss
 *(.rel.tbss .rel.tbss.* .rel.gnu.linkonce.tb.*)

.rela.tbss
 *(.rela.tbss .rela.tbss.* .rela.gnu.linkonce.tb.*)

.rel.ctors
 *(.rel.ctors)

.rela.ctors
 *(.rela.ctors)

.rel.dtors
 *(.rel.dtors)

.rela.dtors
 *(.rela.dtors)

.rel.got
 *(.rel.got)

.rela.got
 *(.rela.got)

.rela.got1
 *(.rela.got1)

.rela.got2      0x0000000080004194        0x0
 *(.rela.got2)
 .rela.got2     0x0000000000000000        0x0 /opt/devkitpro/devkitPPC/lib/gcc/powerpc-eabi/4.6.1/crtbegin.o

.rel.sdata
 *(.rel.sdata .rel.sdata.* .rel.gnu.linkonce.s.*)

.rela.sdata
 *(.rela.sdata .rela.sdata.* .rela.gnu.linkonce.s.*)

.rel.sbss
 *(.rel.sbss .rel.sbss.* .rel.gnu.linkonce.sb.*)

.rela.sbss
 *(.rela.sbss .rela.sbss.* .rel.gnu.linkonce.sb.*)

.rel.sdata2
 *(.rel.sdata2 .rel.sdata2.* .rel.gnu.linkonce.s2.*)

.rela.sdata2
 *(.rela.sdata2 .rela.sdata2.* .rela.gnu.linkonce.s2.*)

.rel.sbss2
 *(.rel.sbss2 .rel.sbss2.* .rel.gnu.linkonce.sb2.*)

.rela.sbss2
 *(.rela.sbss2 .rela.sbss2.* .rela.gnu.linkonce.sb2.*)

.rel.bss
 *(.rel.bss .rel.bss.* .rel.gnu.linkonce.b.*)

.rela.bss
 *(.rela.bss .rela.bss.* .rela.gnu.linkonce.b.*)

.rel.plt
 *(.rel.plt)

.rela.plt
 *(.rela.plt)

.text           0x00000000800041a0    0x2e620
 *(.text)
 .text          0x00000000800041a0      0x168 /opt/devkitpro/devkitPPC/lib/gcc/powerpc-eabi/4.6.1/crtbegin.o
 .text          0x0000000080004308       0x44 /opt/devkitpro/devkitPPC/lib/gcc/powerpc-eabi/4.6.1/../../../../powerpc-eabi/lib/crtmain.o
                0x000000008000430c                __crtmain
 *fill*         0x000000008000434c       0x14 00000000
 .text          0x0000000080004360      0x44c /opt/devkitpro/libogc/lib/wii/libogc.a(lwp_handler.o)
                0x0000000080004360                _cpu_context_save_fp
                0x00000000800044a0                _cpu_context_restore_fp
                0x00000000800045e0                _cpu_context_switch
                0x00000000800046c0                _cpu_context_save
                0x0000000080004740                _cpu_context_restore
 .text          0x00000000800047ac      0x4a0 /opt/devkitpro/libogc/lib/wii/libogc.a(system_asm.o)
                0x00000000800047ac                __realmode
                0x00000000800047c4                __configBATS
                0x00000000800048f4                __InitFPRS
                0x0000000080004a20                __InitPS
                0x0000000080004a7c                __InitCache
                0x0000000080004ad4                __InitSystem
                0x0000000080004b5c                __flush_cache
                0x0000000080004b90                __reset
                0x0000000080004c00                __InitBATS
                0x0000000080004c1c                SYS_SwitchFiber
 .text          0x0000000080004c4c      0x1ac /opt/devkitpro/libogc/lib/wii/libogc.a(irq_handler.o)
                0x0000000080004c4c                irq_exceptionhandler
 .text          0x0000000080004df8      0x4f4 /opt/devkitpro/libogc/lib/wii/libogc.a(cache_asm.o)
                0x0000000080004df8                DCFlashInvalidate
                0x0000000080004e0c                DCEnable
                0x0000000080004e20                DCDisable
                0x0000000080004e34                DCFreeze
                0x0000000080004e48                DCUnfreeze
                0x0000000080004e5c                DCTouchLoad
                0x0000000080004e64                DCBlockZero
                0x0000000080004e6c                DCBlockStore
                0x0000000080004e74                DCBlockFlush
                0x0000000080004e7c                DCBlockInvalidate
                0x0000000080004e84                DCInvalidateRange
                0x0000000080004eb4                DCFlushRange
                0x0000000080004ee8                DCStoreRange
                0x0000000080004f1c                DCFlushRangeNoSync
                0x0000000080004f4c                DCStoreRangeNoSync
                0x0000000080004f7c                DCZeroRange
                0x0000000080004fac                DCTouchRange
                0x0000000080004fdc                ICInvalidateRange
                0x0000000080005014                ICFlashInvalidate
                0x0000000080005028                ICEnable
                0x000000008000503c                ICDisable
                0x0000000080005050                ICFreeze
                0x0000000080005064                ICUnfreeze
                0x0000000080005078                ICBlockInvalidate
                0x0000000080005080                ICSync
                0x0000000080005088                L2Init
                0x00000000800050d0                L2Enable
                0x00000000800050ec                L2Disable
                0x0000000080005104                L2GlobalInvalidate
                0x000000008000515c                __LCEnable
                0x0000000080005228                LCDisable
                0x0000000080005250                LCAllocOneTag
                0x0000000080005264                LCAllocTags
                0x00000000800052a4                LCLoadBlocks
                0x00000000800052c8                LCStoreBlocks
 .text          0x00000000800052ec      0x1ac /opt/devkitpro/libogc/lib/wii/libogc.a(decrementer_handler.o)
                0x00000000800052ec                dec_exceptionhandler
 .text          0x0000000080005498      0x35c /opt/devkitpro/libogc/lib/wii/libogc.a(exception_handler.o)
                0x0000000080005498                exceptionhandler_start
                0x0000000080005514                exceptionhandler_patch
                0x0000000080005548                exceptionhandler_end
                0x000000008000554c                default_exceptionhandler
                0x000000008000567c                fpu_exceptionhandler
                0x00000000800057c4                systemcallhandler_start
                0x00000000800057f0                systemcallhandler_end
 .text          0x00000000800057f4       0x40 /opt/devkitpro/devkitPPC/lib/gcc/powerpc-eabi/4.6.1/libgcc.a(_ashldi3.o)
                0x00000000800057f4                __ashldi3
 .text          0x0000000080005834      0x400 /opt/devkitpro/devkitPPC/lib/gcc/powerpc-eabi/4.6.1/libgcc.a(_udivdi3.o)
                0x0000000080005834                __udivdi3
 .text          0x0000000080005c34      0x3d4 /opt/devkitpro/devkitPPC/lib/gcc/powerpc-eabi/4.6.1/libgcc.a(_umoddi3.o)
                0x0000000080005c34                __umoddi3
 .text          0x0000000080006008       0x48 /opt/devkitpro/devkitPPC/lib/gcc/powerpc-eabi/4.6.1/libgcc.a(eabi.o)
                0x0000000080006008                __eabi
 .text          0x0000000080006050       0x4c /opt/devkitpro/devkitPPC/lib/gcc/powerpc-eabi/4.6.1/libgcc.a(crtsavfpr.o)
                0x0000000080006050                _savefpr_14
                0x0000000080006054                _savefpr_15
                0x0000000080006058                _savefpr_16
                0x000000008000605c                _savefpr_17
                0x0000000080006060                _savefpr_18
                0x0000000080006064                _savefpr_19
                0x0000000080006068                _savefpr_20
                0x000000008000606c                _savefpr_21
                0x0000000080006070                _savefpr_22
                0x0000000080006074                _savefpr_23
                0x0000000080006078                _savefpr_24
                0x000000008000607c                _savefpr_25
                0x0000000080006080                _savefpr_26
                0x0000000080006084                _savefpr_27
                0x0000000080006088                _savefpr_28
                0x000000008000608c                _savefpr_29
                0x0000000080006090                _savefpr_30
                0x0000000080006094                _savefpr_31
 .text          0x000000008000609c       0x4c /opt/devkitpro/devkitPPC/lib/gcc/powerpc-eabi/4.6.1/libgcc.a(crtsavgpr.o)
                0x000000008000609c                _savegpr_14
                0x00000000800060a0                _savegpr_15
                0x00000000800060a4                _savegpr_16
                0x00000000800060a8                _savegpr_17
                0x00000000800060ac                _savegpr_18
                0x00000000800060b0                _savegpr_19
                0x00000000800060b4                _savegpr_20
                0x00000000800060b8                _savegpr_21
                0x00000000800060bc                _savegpr_22
                0x00000000800060c0                _savegpr_23
                0x00000000800060c4                _savegpr_24
                0x00000000800060c8                _savegpr_25
                0x00000000800060cc                _savegpr_26
                0x00000000800060d0                _savegpr_27
                0x00000000800060d4                _savegpr_28
                0x00000000800060d8                _savegpr_29
                0x00000000800060dc                _savegpr_30
                0x00000000800060e0                _savegpr_31
 .text          0x00000000800060e8       0x4c /opt/devkitpro/devkitPPC/lib/gcc/powerpc-eabi/4.6.1/libgcc.a(crtresgpr.o)
                0x00000000800060e8                _restgpr_14
                0x00000000800060ec                _restgpr_15
                0x00000000800060f0                _restgpr_16
                0x00000000800060f4                _restgpr_17
                0x00000000800060f8                _restgpr_18
                0x00000000800060fc                _restgpr_19
                0x0000000080006100                _restgpr_20
                0x0000000080006104                _restgpr_21
                0x0000000080006108                _restgpr_22
                0x000000008000610c                _restgpr_23
                0x0000000080006110                _restgpr_24
                0x0000000080006114                _restgpr_25
                0x0000000080006118                _restgpr_26
                0x000000008000611c                _restgpr_27
                0x0000000080006120                _restgpr_28
                0x0000000080006124                _restgpr_29
                0x0000000080006128                _restgpr_30
                0x000000008000612c                _restgpr_31
 .text          0x0000000080006134       0x58 /opt/devkitpro/devkitPPC/lib/gcc/powerpc-eabi/4.6.1/libgcc.a(crtresxfpr.o)
                0x0000000080006134                _restfpr_14_x
                0x0000000080006138                _restfpr_15_x
                0x000000008000613c                _restfpr_16_x
                0x0000000080006140                _restfpr_17_x
                0x0000000080006144                _restfpr_18_x
                0x0000000080006148                _restfpr_19_x
                0x000000008000614c                _restfpr_20_x
                0x0000000080006150                _restfpr_21_x
                0x0000000080006154                _restfpr_22_x
                0x0000000080006158                _restfpr_23_x
                0x000000008000615c                _restfpr_24_x
                0x0000000080006160                _restfpr_25_x
                0x0000000080006164                _restfpr_26_x
                0x0000000080006168                _restfpr_27_x
                0x000000008000616c                _restfpr_28_x
                0x0000000080006170                _restfpr_29_x
                0x0000000080006174                _restfpr_30_x
                0x0000000080006178                _restfpr_31_x
 .text          0x000000008000618c       0x58 /opt/devkitpro/devkitPPC/lib/gcc/powerpc-eabi/4.6.1/libgcc.a(crtresxgpr.o)
                0x000000008000618c                _restgpr_14_x
                0x0000000080006190                _restgpr_15_x
                0x0000000080006194                _restgpr_16_x
                0x0000000080006198                _restgpr_17_x
                0x000000008000619c                _restgpr_18_x
                0x00000000800061a0                _restgpr_19_x
                0x00000000800061a4                _restgpr_20_x
                0x00000000800061a8                _restgpr_21_x
                0x00000000800061ac                _restgpr_22_x
                0x00000000800061b0                _restgpr_23_x
                0x00000000800061b4                _restgpr_24_x
                0x00000000800061b8                _restgpr_25_x
                0x00000000800061bc                _restgpr_26_x
                0x00000000800061c0                _restgpr_27_x
                0x00000000800061c4                _restgpr_28_x
                0x00000000800061c8                _restgpr_29_x
                0x00000000800061cc                _restgpr_30_x
                0x00000000800061d0                _restgpr_31_x
 .text          0x00000000800061e4       0x28 /opt/devkitpro/devkitPPC/lib/gcc/powerpc-eabi/4.6.1/../../../../powerpc-eabi/lib/libsysbase.a(abort.o)
                0x00000000800061e4                abort
 .text          0x000000008000620c      0x2ec /opt/devkitpro/devkitPPC/lib/gcc/powerpc-eabi/4.6.1/../../../../powerpc-eabi/lib/libsysbase.a(iosupport.o)
                0x000000008000620c                setDefaultDevice
                0x0000000080006224                FindDevice
                0x0000000080006348                RemoveDevice
                0x0000000080006398                AddDevice
                0x00000000800064b4                GetDeviceOpTab
 .text          0x00000000800064f8       0x28 /opt/devkitpro/devkitPPC/lib/gcc/powerpc-eabi/4.6.1/../../../../powerpc-eabi/lib/libsysbase.a(_exit.o)
                0x00000000800064f8                _exit
 .text          0x0000000080006520       0x90 /opt/devkitpro/devkitPPC/lib/gcc/powerpc-eabi/4.6.1/../../../../powerpc-eabi/lib/libsysbase.a(build_argv.o)
                0x0000000080006520                build_argv
 .text          0x00000000800065b0      0x168 /opt/devkitpro/devkitPPC/lib/gcc/powerpc-eabi/4.6.1/../../../../powerpc-eabi/lib/libsysbase.a(syscall_support.o)
                0x00000000800065b0                __libc_lock_init
                0x00000000800065f0                __libc_lock_close
                0x0000000080006630                __libc_lock_release
                0x0000000080006670                __libc_lock_acquire
                0x00000000800066b0                __malloc_lock
                0x00000000800066e4                __malloc_unlock
 .text          0x0000000080006718       0x98 /opt/devkitpro/devkitPPC/lib/gcc/powerpc-eabi/4.6.1/../../../../powerpc-eabi/lib/libsysbase.a(close.o)
                0x0000000080006718                _close_r
 .text          0x00000000800067b0       0xc8 /opt/devkitpro/devkitPPC/lib/gcc/powerpc-eabi/4.6.1/../../../../powerpc-eabi/lib/libsysbase.a(fstat.o)
                0x00000000800067b0                _fstat_r
 .text          0x0000000080006878        0x8 /opt/devkitpro/devkitPPC/lib/gcc/powerpc-eabi/4.6.1/../../../../powerpc-eabi/lib/libsysbase.a(isatty.o)
                0x0000000080006878                _isatty_r
 .text          0x0000000080006880       0xcc /opt/devkitpro/devkitPPC/lib/gcc/powerpc-eabi/4.6.1/../../../../powerpc-eabi/lib/libsysbase.a(lseek.o)
                0x0000000080006880                _lseek_r
 .text          0x000000008000694c       0xac /opt/devkitpro/devkitPPC/lib/gcc/powerpc-eabi/4.6.1/../../../../powerpc-eabi/lib/libsysbase.a(read.o)
                0x000000008000694c                _read_r
 .text          0x00000000800069f8       0x50 /opt/devkitpro/devkitPPC/lib/gcc/powerpc-eabi/4.6.1/../../../../powerpc-eabi/lib/libsysbase.a(sbrk.o)
                0x00000000800069f8                _sbrk_r
 .text          0x0000000080006a48       0xac /opt/devkitpro/devkitPPC/lib/gcc/powerpc-eabi/4.6.1/../../../../powerpc-eabi/lib/libsysbase.a(write.o)
                0x0000000080006a48                _write_r
 .text          0x0000000080006af4       0x6c /opt/devkitpro/devkitPPC/lib/gcc/powerpc-eabi/4.6.1/../../../../powerpc-eabi/lib/libsysbase.a(flock.o)
                0x0000000080006af4                __flockfile
                0x0000000080006b3c                __funlockfile
 .text          0x0000000080006b60      0x174 /opt/devkitpro/devkitPPC/lib/gcc/powerpc-eabi/4.6.1/../../../../powerpc-eabi/lib/libsysbase.a(handle_manager.o)
                0x0000000080006b60                __release_handle
                0x0000000080006bbc                __alloc_handle
                0x0000000080006cb0                __get_handle
 .text          0x0000000080006cd4       0x6c /opt/devkitpro/devkitPPC/lib/gcc/powerpc-eabi/4.6.1/crtend.o
 *(.text.*)
 .text.startup.main
                0x0000000080006d40       0x38 main.o
                0x0000000080006d40                main
 .text.reload   0x0000000080006d78       0x10 wiimote-test.o
                0x0000000080006d78                reload
 .text.shutdown
                0x0000000080006d88       0x10 wiimote-test.o
                0x0000000080006d88                shutdown
 .text.countevs
                0x0000000080006d98       0x14 wiimote-test.o
                0x0000000080006d98                countevs
 .text.drawdot  0x0000000080006dac      0x124 wiimote-test.o
                0x0000000080006dac                drawdot
 .text.main_wiimote_test
                0x0000000080006ed0      0x894 wiimote-test.o
                0x0000000080006ed0                main_wiimote_test
 .text.__wpad_assign_slot
                0x0000000080007764      0x220 /opt/devkitpro/libogc/lib/wii/libwiiuse.a(wpad.o)
                0x0000000080007764                __wpad_assign_slot
 .text.__wpad_def_powcb
                0x0000000080007984       0x20 /opt/devkitpro/libogc/lib/wii/libwiiuse.a(wpad.o)
 .text.__wpad_setfmt
                0x00000000800079a4       0xf0 /opt/devkitpro/libogc/lib/wii/libwiiuse.a(wpad.o)
 .text.__readlinkkey_finished
                0x0000000080007a94       0x30 /opt/devkitpro/libogc/lib/wii/libwiiuse.a(wpad.o)
 .text.__wpad_patch_finished
                0x0000000080007ac4       0x2c /opt/devkitpro/libogc/lib/wii/libwiiuse.a(wpad.o)
 .text.__wpad_eventCB
                0x0000000080007af0      0x958 /opt/devkitpro/libogc/lib/wii/libwiiuse.a(wpad.o)
 .text.__wpad_disconnectCB
                0x0000000080008448       0xe8 /opt/devkitpro/libogc/lib/wii/libwiiuse.a(wpad.o)
                0x0000000080008448                __wpad_disconnectCB
 .text.__wpad_timeouthandler
                0x0000000080008530       0x98 /opt/devkitpro/libogc/lib/wii/libwiiuse.a(wpad.o)
 .text.__initcore_finished
                0x00000000800085c8       0x40 /opt/devkitpro/libogc/lib/wii/libwiiuse.a(wpad.o)
 .text.__wpad_init_finished
                0x0000000080008608      0x134 /opt/devkitpro/libogc/lib/wii/libwiiuse.a(wpad.o)
 .text.WPAD_ReadEvent
                0x000000008000873c      0x580 /opt/devkitpro/libogc/lib/wii/libwiiuse.a(wpad.o)
                0x000000008000873c                WPAD_ReadEvent
 .text.WPAD_ReadPending
                0x0000000080008cbc      0x10c /opt/devkitpro/libogc/lib/wii/libwiiuse.a(wpad.o)
                0x0000000080008cbc                WPAD_ReadPending
 .text.WPAD_SetDataFormat
                0x0000000080008dc8      0x114 /opt/devkitpro/libogc/lib/wii/libwiiuse.a(wpad.o)
                0x0000000080008dc8                WPAD_SetDataFormat
 .text.WPAD_SetVRes
                0x0000000080008edc       0xe0 /opt/devkitpro/libogc/lib/wii/libwiiuse.a(wpad.o)
                0x0000000080008edc                WPAD_SetVRes
 .text.WPAD_Probe
                0x0000000080008fbc       0xd4 /opt/devkitpro/libogc/lib/wii/libwiiuse.a(wpad.o)
                0x0000000080008fbc                WPAD_Probe
 .text.WPAD_Shutdown
                0x0000000080009090       0xdc /opt/devkitpro/libogc/lib/wii/libwiiuse.a(wpad.o)
                0x0000000080009090                WPAD_Shutdown
 .text.WPAD_Init
                0x000000008000916c      0x240 /opt/devkitpro/libogc/lib/wii/libwiiuse.a(wpad.o)
                0x000000008000916c                WPAD_Init
 .text.__wpad_onreset
                0x00000000800093ac       0x2c /opt/devkitpro/libogc/lib/wii/libwiiuse.a(wpad.o)
 .text.WPAD_Data
                0x00000000800093d8       0x24 /opt/devkitpro/libogc/lib/wii/libwiiuse.a(wpad.o)
                0x00000000800093d8                WPAD_Data
 .text.motion_plus_disconnected
                0x00000000800093fc       0x10 /opt/devkitpro/libogc/lib/wii/libwiiuse.a(motion_plus.o)
                0x00000000800093fc                motion_plus_disconnected
 .text.motion_plus_event
                0x000000008000940c       0x64 /opt/devkitpro/libogc/lib/wii/libwiiuse.a(motion_plus.o)
                0x000000008000940c                motion_plus_event
 .text.calculate_gforce
                0x0000000080009470      0x114 /opt/devkitpro/libogc/lib/wii/libwiiuse.a(dynamics.o)
                0x0000000080009470                calculate_gforce
 .text.calc_joystick_state
                0x0000000080009584      0x21c /opt/devkitpro/libogc/lib/wii/libwiiuse.a(dynamics.o)
                0x0000000080009584                calc_joystick_state
 .text.apply_smoothing
                0x00000000800097a0      0x148 /opt/devkitpro/libogc/lib/wii/libwiiuse.a(dynamics.o)
                0x00000000800097a0                apply_smoothing
 .text.calculate_orientation
                0x00000000800098e8      0x29c /opt/devkitpro/libogc/lib/wii/libwiiuse.a(dynamics.o)
                0x00000000800098e8                calculate_orientation
 .text.calc_balanceboard_state
                0x0000000080009b84      0x36c /opt/devkitpro/libogc/lib/wii/libwiiuse.a(dynamics.o)
                0x0000000080009b84                calc_balanceboard_state
 .text.wiiuse_handshake_expansion
                0x0000000080009ef0      0x1d4 /opt/devkitpro/libogc/lib/wii/libwiiuse.a(io.o)
                0x0000000080009ef0                wiiuse_handshake_expansion
 .text.wiiuse_handshake
                0x000000008000a0c4      0x150 /opt/devkitpro/libogc/lib/wii/libwiiuse.a(io.o)
                0x000000008000a0c4                wiiuse_handshake
 .text.wiiuse_handshake_expansion_start
                0x000000008000a214       0x24 /opt/devkitpro/libogc/lib/wii/libwiiuse.a(io.o)
                0x000000008000a214                wiiuse_handshake_expansion_start
 .text.wiiuse_disable_expansion
                0x000000008000a238       0xc0 /opt/devkitpro/libogc/lib/wii/libwiiuse.a(io.o)
                0x000000008000a238                wiiuse_disable_expansion
 .text.__wiiuse_disconnected
                0x000000008000a2f8       0x90 /opt/devkitpro/libogc/lib/wii/libwiiuse.a(io_wii.o)
 .text.__wiiuse_sent
                0x000000008000a388       0x94 /opt/devkitpro/libogc/lib/wii/libwiiuse.a(io_wii.o)
 .text.__wiiuse_receive
                0x000000008000a41c       0x8c /opt/devkitpro/libogc/lib/wii/libwiiuse.a(io_wii.o)
 .text.__wiiuse_connected
                0x000000008000a4a8       0x7c /opt/devkitpro/libogc/lib/wii/libwiiuse.a(io_wii.o)
 .text.__wiiuse_sensorbar_enable
                0x000000008000a524       0x48 /opt/devkitpro/libogc/lib/wii/libwiiuse.a(io_wii.o)
                0x000000008000a524                __wiiuse_sensorbar_enable
 .text.wiiuse_register
                0x000000008000a56c       0xa4 /opt/devkitpro/libogc/lib/wii/libwiiuse.a(io_wii.o)
                0x000000008000a56c                wiiuse_register
 .text.wiiuse_disconnect
                0x000000008000a610       0x40 /opt/devkitpro/libogc/lib/wii/libwiiuse.a(io_wii.o)
                0x000000008000a610                wiiuse_disconnect
 .text.wiiuse_init_cmd_queue
                0x000000008000a650       0x84 /opt/devkitpro/libogc/lib/wii/libwiiuse.a(io_wii.o)
                0x000000008000a650                wiiuse_init_cmd_queue
 .text.wiiuse_io_write
                0x000000008000a6d4       0x40 /opt/devkitpro/libogc/lib/wii/libwiiuse.a(io_wii.o)
                0x000000008000a6d4                wiiuse_io_write
 .text.get_ir_sens.isra.0
                0x000000008000a714       0xe8 /opt/devkitpro/libogc/lib/wii/libwiiuse.a(ir.o)
 .text.rotate_dots
                0x000000008000a7fc      0x110 /opt/devkitpro/libogc/lib/wii/libwiiuse.a(ir.o)
 .text.wiiuse_set_ir_mode
                0x000000008000a90c       0x60 /opt/devkitpro/libogc/lib/wii/libwiiuse.a(ir.o)
                0x000000008000a90c                wiiuse_set_ir_mode
 .text.wiiuse_set_ir
                0x000000008000a96c      0x190 /opt/devkitpro/libogc/lib/wii/libwiiuse.a(ir.o)
                0x000000008000a96c                wiiuse_set_ir
 .text.wiiuse_set_ir_vres
                0x000000008000aafc       0x1c /opt/devkitpro/libogc/lib/wii/libwiiuse.a(ir.o)
                0x000000008000aafc                wiiuse_set_ir_vres
 .text.wiiuse_set_ir_position
                0x000000008000ab18       0x78 /opt/devkitpro/libogc/lib/wii/libwiiuse.a(ir.o)
                0x000000008000ab18                wiiuse_set_ir_position
 .text.wiiuse_set_aspect_ratio
                0x000000008000ab90       0x3c /opt/devkitpro/libogc/lib/wii/libwiiuse.a(ir.o)
                0x000000008000ab90                wiiuse_set_aspect_ratio
 .text.wiiuse_set_ir_sensitivity
                0x000000008000abcc       0xf8 /opt/devkitpro/libogc/lib/wii/libwiiuse.a(ir.o)
                0x000000008000abcc                wiiuse_set_ir_sensitivity
 .text.calculate_basic_ir
                0x000000008000acc4       0xfc /opt/devkitpro/libogc/lib/wii/libwiiuse.a(ir.o)
                0x000000008000acc4                calculate_basic_ir
 .text.calculate_extended_ir
                0x000000008000adc0       0x7c /opt/devkitpro/libogc/lib/wii/libwiiuse.a(ir.o)
                0x000000008000adc0                calculate_extended_ir
 .text.find_sensorbar
                0x000000008000ae3c      0x7fc /opt/devkitpro/libogc/lib/wii/libwiiuse.a(ir.o)
                0x000000008000ae3c                find_sensorbar
 .text.apply_ir_smoothing
                0x000000008000b638       0xd4 /opt/devkitpro/libogc/lib/wii/libwiiuse.a(ir.o)
                0x000000008000b638                apply_ir_smoothing
 .text.calc_yaw
                0x000000008000b70c       0x54 /opt/devkitpro/libogc/lib/wii/libwiiuse.a(ir.o)
                0x000000008000b70c                calc_yaw
 .text.interpret_ir_data
                0x000000008000b760      0x370 /opt/devkitpro/libogc/lib/wii/libwiiuse.a(ir.o)
                0x000000008000b760                interpret_ir_data
 .text.nunchuk_handshake
                0x000000008000bad0      0x228 /opt/devkitpro/libogc/lib/wii/libwiiuse.a(nunchuk.o)
                0x000000008000bad0                nunchuk_handshake
 .text.nunchuk_disconnected
                0x000000008000bcf8       0x28 /opt/devkitpro/libogc/lib/wii/libwiiuse.a(nunchuk.o)
                0x000000008000bcf8                nunchuk_disconnected
 .text.nunchuk_event
                0x000000008000bd20       0xe4 /opt/devkitpro/libogc/lib/wii/libwiiuse.a(nunchuk.o)
                0x000000008000bd20                nunchuk_event
 .text.wii_board_handshake
                0x000000008000be04      0x170 /opt/devkitpro/libogc/lib/wii/libwiiuse.a(wiiboard.o)
                0x000000008000be04                wii_board_handshake
 .text.wii_board_disconnected
                0x000000008000bf74       0x28 /opt/devkitpro/libogc/lib/wii/libwiiuse.a(wiiboard.o)
                0x000000008000bf74                wii_board_disconnected
 .text.wii_board_event
                0x000000008000bf9c       0x54 /opt/devkitpro/libogc/lib/wii/libwiiuse.a(wiiboard.o)
                0x000000008000bf9c                wii_board_event
 .text.wiiuse_send_next_command
                0x000000008000bff0       0x6c /opt/devkitpro/libogc/lib/wii/libwiiuse.a(wiiuse.o)
                0x000000008000bff0                wiiuse_send_next_command
 .text.__wiiuse_push_command
                0x000000008000c05c       0x94 /opt/devkitpro/libogc/lib/wii/libwiiuse.a(wiiuse.o)
 .text.wiiuse_init
                0x000000008000c0f0      0x154 /opt/devkitpro/libogc/lib/wii/libwiiuse.a(wiiuse.o)
                0x000000008000c0f0                wiiuse_init
 .text.wiiuse_set_flags
                0x000000008000c244       0x24 /opt/devkitpro/libogc/lib/wii/libwiiuse.a(wiiuse.o)
                0x000000008000c244                wiiuse_set_flags
 .text.wiiuse_read_data
                0x000000008000c268       0x94 /opt/devkitpro/libogc/lib/wii/libwiiuse.a(wiiuse.o)
                0x000000008000c268                wiiuse_read_data
 .text.wiiuse_write_data
                0x000000008000c2fc       0xc0 /opt/devkitpro/libogc/lib/wii/libwiiuse.a(wiiuse.o)
                0x000000008000c2fc                wiiuse_write_data
 .text.wiiuse_sendcmd
                0x000000008000c3bc       0x74 /opt/devkitpro/libogc/lib/wii/libwiiuse.a(wiiuse.o)
                0x000000008000c3bc                wiiuse_sendcmd
 .text.wiiuse_status
                0x000000008000c430       0x4c /opt/devkitpro/libogc/lib/wii/libwiiuse.a(wiiuse.o)
                0x000000008000c430                wiiuse_status
 .text.wiiuse_motion_sensing
                0x000000008000c47c       0x3c /opt/devkitpro/libogc/lib/wii/libwiiuse.a(wiiuse.o)
                0x000000008000c47c                wiiuse_motion_sensing
 .text.wiiuse_set_report_type
                0x000000008000c4b8       0xd0 /opt/devkitpro/libogc/lib/wii/libwiiuse.a(wiiuse.o)
                0x000000008000c4b8                wiiuse_set_report_type
 .text.wiiuse_set_leds
                0x000000008000c588       0x50 /opt/devkitpro/libogc/lib/wii/libwiiuse.a(wiiuse.o)
                0x000000008000c588                wiiuse_set_leds
 .text.wiiuse_set_speaker
                0x000000008000c5d8      0x1e4 /opt/devkitpro/libogc/lib/wii/libwiiuse.a(speaker.o)
                0x000000008000c5d8                wiiuse_set_speaker
 .text.classic_ctrl_handshake
                0x000000008000c7bc      0x188 /opt/devkitpro/libogc/lib/wii/libwiiuse.a(classic.o)
                0x000000008000c7bc                classic_ctrl_handshake
 .text.classic_ctrl_disconnected
                0x000000008000c944       0x28 /opt/devkitpro/libogc/lib/wii/libwiiuse.a(classic.o)
                0x000000008000c944                classic_ctrl_disconnected
 .text.classic_ctrl_event
                0x000000008000c96c       0xa4 /opt/devkitpro/libogc/lib/wii/libwiiuse.a(classic.o)
                0x000000008000c96c                classic_ctrl_event
 .text.handle_expansion
                0x000000008000ca10       0x70 /opt/devkitpro/libogc/lib/wii/libwiiuse.a(events.o)
 .text.wiiuse_pressed_buttons
                0x000000008000ca80       0x2c /opt/devkitpro/libogc/lib/wii/libwiiuse.a(events.o)
                0x000000008000ca80                wiiuse_pressed_buttons
 .text.parse_event
                0x000000008000caac      0x4e4 /opt/devkitpro/libogc/lib/wii/libwiiuse.a(events.o)
                0x000000008000caac                parse_event
 .text.guitar_hero_3_handshake
                0x000000008000cf90       0x68 /opt/devkitpro/libogc/lib/wii/libwiiuse.a(guitar_hero_3.o)
                0x000000008000cf90                guitar_hero_3_handshake
 .text.guitar_hero_3_disconnected
                0x000000008000cff8       0x28 /opt/devkitpro/libogc/lib/wii/libwiiuse.a(guitar_hero_3.o)
                0x000000008000cff8                guitar_hero_3_disconnected
 .text.guitar_hero_3_event
                0x000000008000d020       0x68 /opt/devkitpro/libogc/lib/wii/libwiiuse.a(guitar_hero_3.o)
                0x000000008000d020                guitar_hero_3_event
 .text.acl_wlp_completed
                0x000000008000d088        0x8 /opt/devkitpro/libogc/lib/wii/libbte.a(bte.o)
                0x000000008000d088                acl_wlp_completed
 .text.__bte_cmdfinish
                0x000000008000d090       0x9c /opt/devkitpro/libogc/lib/wii/libbte.a(bte.o)
 .text.bte_hci_initsub_complete
                0x000000008000d12c      0x12c /opt/devkitpro/libogc/lib/wii/libbte.a(bte.o)
                0x000000008000d12c                bte_hci_initsub_complete
 .text.bte_hci_initcore_complete2
                0x000000008000d258       0xf0 /opt/devkitpro/libogc/lib/wii/libbte.a(bte.o)
                0x000000008000d258                bte_hci_initcore_complete2
 .text.bte_hci_patch_complete
                0x000000008000d348      0x1b0 /opt/devkitpro/libogc/lib/wii/libbte.a(bte.o)
                0x000000008000d348                bte_hci_patch_complete
 .text.bte_hci_apply_patch_complete
                0x000000008000d4f8       0xa8 /opt/devkitpro/libogc/lib/wii/libbte.a(bte.o)
                0x000000008000d4f8                bte_hci_apply_patch_complete
 .text.bte_hci_initcore_complete
                0x000000008000d5a0      0x158 /opt/devkitpro/libogc/lib/wii/libbte.a(bte.o)
                0x000000008000d5a0                bte_hci_initcore_complete
 .text.__bte_close_ctrl_queue
                0x000000008000d6f8       0x80 /opt/devkitpro/libogc/lib/wii/libbte.a(bte.o)
 .text.__bte_send_pending_request
                0x000000008000d778       0xb8 /opt/devkitpro/libogc/lib/wii/libbte.a(bte.o)
 .text.__bte_send_request
                0x000000008000d830       0x9c /opt/devkitpro/libogc/lib/wii/libbte.a(bte.o)
 .text.l2cap_disconnect_cfm
                0x000000008000d8cc       0xe0 /opt/devkitpro/libogc/lib/wii/libbte.a(bte.o)
                0x000000008000d8cc                l2cap_disconnect_cfm
 .text.acl_conn_complete
                0x000000008000d9ac       0x2c /opt/devkitpro/libogc/lib/wii/libbte.a(bte.o)
                0x000000008000d9ac                acl_conn_complete
 .text.__bte_shutdown_finished
                0x000000008000d9d8       0x5c /opt/devkitpro/libogc/lib/wii/libbte.a(bte.o)
 .text.bt_alarmhandler
                0x000000008000da34       0x60 /opt/devkitpro/libogc/lib/wii/libbte.a(bte.o)
 .text.bte_read_stored_link_key_complete
                0x000000008000da94      0x108 /opt/devkitpro/libogc/lib/wii/libbte.a(bte.o)
                0x000000008000da94                bte_read_stored_link_key_complete
 .text.l2cap_accepted
                0x000000008000db9c       0xd8 /opt/devkitpro/libogc/lib/wii/libbte.a(bte.o)
                0x000000008000db9c                l2cap_accepted
 .text.l2cap_disconnected_ind
                0x000000008000dc74       0xb8 /opt/devkitpro/libogc/lib/wii/libbte.a(bte.o)
                0x000000008000dc74                l2cap_disconnected_ind
 .text.bte_process_input
                0x000000008000dd2c       0xf4 /opt/devkitpro/libogc/lib/wii/libbte.a(bte.o)
 .text.__bte_waitcmdfinish.constprop.6
                0x000000008000de20       0x78 /opt/devkitpro/libogc/lib/wii/libbte.a(bte.o)
 .text.BTE_Init
                0x000000008000de98      0x108 /opt/devkitpro/libogc/lib/wii/libbte.a(bte.o)
                0x000000008000de98                BTE_Init
 .text.BTE_Shutdown
                0x000000008000dfa0       0x94 /opt/devkitpro/libogc/lib/wii/libbte.a(bte.o)
                0x000000008000dfa0                BTE_Shutdown
 .text.BTE_InitCore
                0x000000008000e034       0x7c /opt/devkitpro/libogc/lib/wii/libbte.a(bte.o)
                0x000000008000e034                BTE_InitCore
 .text.BTE_ApplyPatch
                0x000000008000e0b0       0x98 /opt/devkitpro/libogc/lib/wii/libbte.a(bte.o)
                0x000000008000e0b0                BTE_ApplyPatch
 .text.BTE_InitSub
                0x000000008000e148       0x80 /opt/devkitpro/libogc/lib/wii/libbte.a(bte.o)
                0x000000008000e148                BTE_InitSub
 .text.BTE_ReadStoredLinkKey
                0x000000008000e1c8       0x80 /opt/devkitpro/libogc/lib/wii/libbte.a(bte.o)
                0x000000008000e1c8                BTE_ReadStoredLinkKey
 .text.BTE_SetDisconnectCallback
                0x000000008000e248       0x20 /opt/devkitpro/libogc/lib/wii/libbte.a(bte.o)
                0x000000008000e248                BTE_SetDisconnectCallback
 .text.bte_new  0x000000008000e268       0x4c /opt/devkitpro/libogc/lib/wii/libbte.a(bte.o)
                0x000000008000e268                bte_new
 .text.bte_registerdeviceasync
                0x000000008000e2b4      0x124 /opt/devkitpro/libogc/lib/wii/libbte.a(bte.o)
                0x000000008000e2b4                bte_registerdeviceasync
 .text.bte_disconnect
                0x000000008000e3d8       0x9c /opt/devkitpro/libogc/lib/wii/libbte.a(bte.o)
                0x000000008000e3d8                bte_disconnect
 .text.bte_sendmessageasync
                0x000000008000e474       0xe0 /opt/devkitpro/libogc/lib/wii/libbte.a(bte.o)
                0x000000008000e474                bte_sendmessageasync
 .text.bte_arg  0x000000008000e554       0x3c /opt/devkitpro/libogc/lib/wii/libbte.a(bte.o)
                0x000000008000e554                bte_arg
 .text.bte_received
                0x000000008000e590       0x3c /opt/devkitpro/libogc/lib/wii/libbte.a(bte.o)
                0x000000008000e590                bte_received
 .text.bte_disconnected
                0x000000008000e5cc       0x3c /opt/devkitpro/libogc/lib/wii/libbte.a(bte.o)
                0x000000008000e5cc                bte_disconnected
 .text.hci_init
                0x000000008000e608       0x78 /opt/devkitpro/libogc/lib/wii/libbte.a(hci.o)
                0x000000008000e608                hci_init
 .text.hci_new  0x000000008000e680       0x3c /opt/devkitpro/libogc/lib/wii/libbte.a(hci.o)
                0x000000008000e680                hci_new
 .text.hci_get_link
                0x000000008000e6bc       0x7c /opt/devkitpro/libogc/lib/wii/libbte.a(hci.o)
                0x000000008000e6bc                hci_get_link
 .text.hci_close
                0x000000008000e738       0xcc /opt/devkitpro/libogc/lib/wii/libbte.a(hci.o)
                0x000000008000e738                hci_close
 .text.hci_reset_all
                0x000000008000e804       0x9c /opt/devkitpro/libogc/lib/wii/libbte.a(hci.o)
                0x000000008000e804                hci_reset_all
 .text.hci_arg  0x000000008000e8a0        0xc /opt/devkitpro/libogc/lib/wii/libbte.a(hci.o)
                0x000000008000e8a0                hci_arg
 .text.hci_cmd_complete
                0x000000008000e8ac        0xc /opt/devkitpro/libogc/lib/wii/libbte.a(hci.o)
                0x000000008000e8ac                hci_cmd_complete
 .text.hci_connection_complete
                0x000000008000e8b8        0xc /opt/devkitpro/libogc/lib/wii/libbte.a(hci.o)
                0x000000008000e8b8                hci_connection_complete
 .text.hci_wlp_complete
                0x000000008000e8c4        0xc /opt/devkitpro/libogc/lib/wii/libbte.a(hci.o)
                0x000000008000e8c4                hci_wlp_complete
 .text.hci_cmd_ass
                0x000000008000e8d0       0x48 /opt/devkitpro/libogc/lib/wii/libbte.a(hci.o)
                0x000000008000e8d0                hci_cmd_ass
 .text.hci_reset
                0x000000008000e918       0x64 /opt/devkitpro/libogc/lib/wii/libbte.a(hci.o)
                0x000000008000e918                hci_reset
 .text.hci_read_buffer_size
                0x000000008000e97c       0x64 /opt/devkitpro/libogc/lib/wii/libbte.a(hci.o)
                0x000000008000e97c                hci_read_buffer_size
 .text.hci_read_bd_addr
                0x000000008000e9e0       0x64 /opt/devkitpro/libogc/lib/wii/libbte.a(hci.o)
                0x000000008000e9e0                hci_read_bd_addr
 .text.hci_read_local_version
                0x000000008000ea44       0x64 /opt/devkitpro/libogc/lib/wii/libbte.a(hci.o)
                0x000000008000ea44                hci_read_local_version
 .text.hci_read_local_features
                0x000000008000eaa8       0x64 /opt/devkitpro/libogc/lib/wii/libbte.a(hci.o)
                0x000000008000eaa8                hci_read_local_features
 .text.hci_read_stored_link_key
                0x000000008000eb0c       0xac /opt/devkitpro/libogc/lib/wii/libbte.a(hci.o)
                0x000000008000eb0c                hci_read_stored_link_key
 .text.hci_write_page_timeout
                0x000000008000ebb8       0x7c /opt/devkitpro/libogc/lib/wii/libbte.a(hci.o)
                0x000000008000ebb8                hci_write_page_timeout
 .text.hci_write_scan_enable
                0x000000008000ec34       0x6c /opt/devkitpro/libogc/lib/wii/libbte.a(hci.o)
                0x000000008000ec34                hci_write_scan_enable
 .text.hci_accecpt_conn_request
                0x000000008000eca0       0x80 /opt/devkitpro/libogc/lib/wii/libbte.a(hci.o)
                0x000000008000eca0                hci_accecpt_conn_request
 .text.hci_write_local_name
                0x000000008000ed20       0x80 /opt/devkitpro/libogc/lib/wii/libbte.a(hci.o)
                0x000000008000ed20                hci_write_local_name
 .text.hci_write_pin_type
                0x000000008000eda0       0x6c /opt/devkitpro/libogc/lib/wii/libbte.a(hci.o)
                0x000000008000eda0                hci_write_pin_type
 .text.hci_write_inquiry_mode
                0x000000008000ee0c       0x6c /opt/devkitpro/libogc/lib/wii/libbte.a(hci.o)
                0x000000008000ee0c                hci_write_inquiry_mode
 .text.hci_write_page_scan_type
                0x000000008000ee78       0x6c /opt/devkitpro/libogc/lib/wii/libbte.a(hci.o)
                0x000000008000ee78                hci_write_page_scan_type
 .text.hci_write_inquiry_scan_type
                0x000000008000eee4       0x6c /opt/devkitpro/libogc/lib/wii/libbte.a(hci.o)
                0x000000008000eee4                hci_write_inquiry_scan_type
 .text.hci_vendor_specific_command
                0x000000008000ef50       0x8c /opt/devkitpro/libogc/lib/wii/libbte.a(hci.o)
                0x000000008000ef50                hci_vendor_specific_command
 .text.hci_write_link_policy_settings
                0x000000008000efdc       0xa0 /opt/devkitpro/libogc/lib/wii/libbte.a(hci.o)
                0x000000008000efdc                hci_write_link_policy_settings
 .text.hci_pin_code_request_neg_reply
                0x000000008000f07c       0x74 /opt/devkitpro/libogc/lib/wii/libbte.a(hci.o)
                0x000000008000f07c                hci_pin_code_request_neg_reply
 .text.hci_disconnect
                0x000000008000f0f0       0x98 /opt/devkitpro/libogc/lib/wii/libbte.a(hci.o)
                0x000000008000f0f0                hci_disconnect
 .text.hci_write_cod
                0x000000008000f188       0x78 /opt/devkitpro/libogc/lib/wii/libbte.a(hci.o)
                0x000000008000f188                hci_write_cod
 .text.hci_host_buffer_size
                0x000000008000f200       0xb4 /opt/devkitpro/libogc/lib/wii/libbte.a(hci.o)
                0x000000008000f200                hci_host_buffer_size
 .text.hci_host_num_comp_packets
                0x000000008000f2b4       0xac /opt/devkitpro/libogc/lib/wii/libbte.a(hci.o)
                0x000000008000f2b4                hci_host_num_comp_packets
 .text.lp_pdu_maxsize
                0x000000008000f360        0xc /opt/devkitpro/libogc/lib/wii/libbte.a(hci.o)
                0x000000008000f360                lp_pdu_maxsize
 .text.lp_acl_write
                0x000000008000f36c      0x114 /opt/devkitpro/libogc/lib/wii/libbte.a(hci.o)
                0x000000008000f36c                lp_acl_write
 .text.lp_write_flush_timeout
                0x000000008000f480       0xa0 /opt/devkitpro/libogc/lib/wii/libbte.a(hci.o)
                0x000000008000f480                lp_write_flush_timeout
 .text.hci_event_handler
                0x000000008000f520      0xa6c /opt/devkitpro/libogc/lib/wii/libbte.a(hci.o)
                0x000000008000f520                hci_event_handler
 .text.hci_acldata_handler
                0x000000008000ff8c       0xdc /opt/devkitpro/libogc/lib/wii/libbte.a(hci.o)
                0x000000008000ff8c                hci_acldata_handler
 .text.l2cap_cid_alloc
                0x0000000080010068       0x4c /opt/devkitpro/libogc/lib/wii/libbte.a(l2cap.o)
 .text.l2cap_init
                0x00000000800100b4       0x60 /opt/devkitpro/libogc/lib/wii/libbte.a(l2cap.o)
                0x00000000800100b4                l2cap_init
 .text.l2cap_write
                0x0000000080010114       0xe0 /opt/devkitpro/libogc/lib/wii/libbte.a(l2cap.o)
                0x0000000080010114                l2cap_write
 .text.l2cap_new
                0x00000000800101f4       0x6c /opt/devkitpro/libogc/lib/wii/libbte.a(l2cap.o)
                0x00000000800101f4                l2cap_new
 .text.l2cap_close
                0x0000000080010260      0x15c /opt/devkitpro/libogc/lib/wii/libbte.a(l2cap.o)
                0x0000000080010260                l2cap_close
 .text.l2cap_reset_all
                0x00000000800103bc      0x104 /opt/devkitpro/libogc/lib/wii/libbte.a(l2cap.o)
                0x00000000800103bc                l2cap_reset_all
 .text.l2cap_rexmit_signal
                0x00000000800104c0       0x10 /opt/devkitpro/libogc/lib/wii/libbte.a(l2cap.o)
                0x00000000800104c0                l2cap_rexmit_signal
 .text.l2ca_datawrite
                0x00000000800104d0       0xe8 /opt/devkitpro/libogc/lib/wii/libbte.a(l2cap.o)
                0x00000000800104d0                l2ca_datawrite
 .text.lp_connect_ind
                0x00000000800105b8        0x4 /opt/devkitpro/libogc/lib/wii/libbte.a(l2cap.o)
                0x00000000800105b8                lp_connect_ind
 .text.lp_disconnect_ind
                0x00000000800105bc       0xe4 /opt/devkitpro/libogc/lib/wii/libbte.a(l2cap.o)
                0x00000000800105bc                lp_disconnect_ind
 .text.l2cap_disconnect_bb
                0x00000000800106a0       0x10 /opt/devkitpro/libogc/lib/wii/libbte.a(l2cap.o)
                0x00000000800106a0                l2cap_disconnect_bb
 .text.l2cap_next_sigid
                0x00000000800106b0       0x28 /opt/devkitpro/libogc/lib/wii/libbte.a(l2cap.o)
                0x00000000800106b0                l2cap_next_sigid
 .text.l2cap_signal
                0x00000000800106d8      0x184 /opt/devkitpro/libogc/lib/wii/libbte.a(l2cap.o)
                0x00000000800106d8                l2cap_signal
 .text.lp_connect_cfm
                0x000000008001085c      0x130 /opt/devkitpro/libogc/lib/wii/libbte.a(l2cap.o)
                0x000000008001085c                lp_connect_cfm
 .text.l2ca_disconnect_req
                0x000000008001098c       0xac /opt/devkitpro/libogc/lib/wii/libbte.a(l2cap.o)
                0x000000008001098c                l2ca_disconnect_req
 .text.l2cap_tmr
                0x0000000080010a38      0x1e8 /opt/devkitpro/libogc/lib/wii/libbte.a(l2cap.o)
                0x0000000080010a38                l2cap_tmr
 .text.l2ca_config_req
                0x0000000080010c20      0x108 /opt/devkitpro/libogc/lib/wii/libbte.a(l2cap.o)
                0x0000000080010c20                l2ca_config_req
 .text.l2cap_process_sig
                0x0000000080010d28     0x1078 /opt/devkitpro/libogc/lib/wii/libbte.a(l2cap.o)
                0x0000000080010d28                l2cap_process_sig
 .text.l2cap_input
                0x0000000080011da0      0x4e8 /opt/devkitpro/libogc/lib/wii/libbte.a(l2cap.o)
                0x0000000080011da0                l2cap_input
 .text.l2cap_arg
                0x0000000080012288        0x8 /opt/devkitpro/libogc/lib/wii/libbte.a(l2cap.o)
                0x0000000080012288                l2cap_arg
 .text.l2cap_connect_ind
                0x0000000080012290       0xd8 /opt/devkitpro/libogc/lib/wii/libbte.a(l2cap.o)
                0x0000000080012290                l2cap_connect_ind
 .text.l2cap_disconnect_ind
                0x0000000080012368        0x8 /opt/devkitpro/libogc/lib/wii/libbte.a(l2cap.o)
                0x0000000080012368                l2cap_disconnect_ind
 .text.l2cap_recv
                0x0000000080012370        0x8 /opt/devkitpro/libogc/lib/wii/libbte.a(l2cap.o)
                0x0000000080012370                l2cap_recv
 .text.btmemb_init
                0x0000000080012378       0x40 /opt/devkitpro/libogc/lib/wii/libbte.a(btmemb.o)
                0x0000000080012378                btmemb_init
 .text.btmemb_alloc
                0x00000000800123b8       0x9c /opt/devkitpro/libogc/lib/wii/libbte.a(btmemb.o)
                0x00000000800123b8                btmemb_alloc
 .text.btmemb_free
                0x0000000080012454       0xa4 /opt/devkitpro/libogc/lib/wii/libbte.a(btmemb.o)
                0x0000000080012454                btmemb_free
 .text.plug_holes
                0x00000000800124f8       0xb8 /opt/devkitpro/libogc/lib/wii/libbte.a(btmemr.o)
 .text.btmemr_init
                0x00000000800125b0       0x8c /opt/devkitpro/libogc/lib/wii/libbte.a(btmemr.o)
                0x00000000800125b0                btmemr_init
 .text.btmemr_malloc
                0x000000008001263c      0x164 /opt/devkitpro/libogc/lib/wii/libbte.a(btmemr.o)
                0x000000008001263c                btmemr_malloc
 .text.btmemr_free
                0x00000000800127a0       0x94 /opt/devkitpro/libogc/lib/wii/libbte.a(btmemr.o)
                0x00000000800127a0                btmemr_free
 .text.btmemr_realloc
                0x0000000080012834       0xf0 /opt/devkitpro/libogc/lib/wii/libbte.a(btmemr.o)
                0x0000000080012834                btmemr_realloc
 .text.btpbuf_init
                0x0000000080012924       0x2c /opt/devkitpro/libogc/lib/wii/libbte.a(btpbuf.o)
                0x0000000080012924                btpbuf_init
 .text.btpbuf_free
                0x0000000080012950       0xc4 /opt/devkitpro/libogc/lib/wii/libbte.a(btpbuf.o)
                0x0000000080012950                btpbuf_free
 .text.btpbuf_alloc
                0x0000000080012a14      0x1d0 /opt/devkitpro/libogc/lib/wii/libbte.a(btpbuf.o)
                0x0000000080012a14                btpbuf_alloc
 .text.btpbuf_realloc
                0x0000000080012be4       0xa4 /opt/devkitpro/libogc/lib/wii/libbte.a(btpbuf.o)
                0x0000000080012be4                btpbuf_realloc
 .text.btpbuf_header
                0x0000000080012c88       0x98 /opt/devkitpro/libogc/lib/wii/libbte.a(btpbuf.o)
                0x0000000080012c88                btpbuf_header
 .text.btpbuf_ref
                0x0000000080012d20       0x4c /opt/devkitpro/libogc/lib/wii/libbte.a(btpbuf.o)
                0x0000000080012d20                btpbuf_ref
 .text.btpbuf_cat
                0x0000000080012d6c       0x3c /opt/devkitpro/libogc/lib/wii/libbte.a(btpbuf.o)
                0x0000000080012d6c                btpbuf_cat
 .text.btpbuf_chain
                0x0000000080012da8       0x34 /opt/devkitpro/libogc/lib/wii/libbte.a(btpbuf.o)
                0x0000000080012da8                btpbuf_chain
 .text.btpbuf_dechain
                0x0000000080012ddc       0x60 /opt/devkitpro/libogc/lib/wii/libbte.a(btpbuf.o)
                0x0000000080012ddc                btpbuf_dechain
 .text.btpbuf_take
                0x0000000080012e3c       0xe8 /opt/devkitpro/libogc/lib/wii/libbte.a(btpbuf.o)
                0x0000000080012e3c                btpbuf_take
 .text.__usb_closeCB
                0x0000000080012f24       0x10 /opt/devkitpro/libogc/lib/wii/libbte.a(physbusif.o)
 .text.__writebulkmsgCB
                0x0000000080012f34       0x34 /opt/devkitpro/libogc/lib/wii/libbte.a(physbusif.o)
 .text.__writectrlmsgCB
                0x0000000080012f68       0x34 /opt/devkitpro/libogc/lib/wii/libbte.a(physbusif.o)
 .text.__initUsbIOBuffer
                0x0000000080012f9c       0x78 /opt/devkitpro/libogc/lib/wii/libbte.a(physbusif.o)
 .text.__issue_intrread.part.0
                0x0000000080013014       0x7c /opt/devkitpro/libogc/lib/wii/libbte.a(physbusif.o)
 .text.__readintrdataCB
                0x0000000080013090       0xf0 /opt/devkitpro/libogc/lib/wii/libbte.a(physbusif.o)
 .text.__issue_bulkread.part.2
                0x0000000080013180       0x7c /opt/devkitpro/libogc/lib/wii/libbte.a(physbusif.o)
 .text.__readbulkdataCB
                0x00000000800131fc       0xf0 /opt/devkitpro/libogc/lib/wii/libbte.a(physbusif.o)
 .text.physbusif_init
                0x00000000800132ec      0x15c /opt/devkitpro/libogc/lib/wii/libbte.a(physbusif.o)
                0x00000000800132ec                physbusif_init
 .text.physbusif_close
                0x0000000080013448       0x28 /opt/devkitpro/libogc/lib/wii/libbte.a(physbusif.o)
                0x0000000080013448                physbusif_close
 .text.physbusif_shutdown
                0x0000000080013470       0x40 /opt/devkitpro/libogc/lib/wii/libbte.a(physbusif.o)
                0x0000000080013470                physbusif_shutdown
 .text.physbusif_reset_all
                0x00000000800134b0        0x4 /opt/devkitpro/libogc/lib/wii/libbte.a(physbusif.o)
                0x00000000800134b0                physbusif_reset_all
 .text.physbusif_output
                0x00000000800134b4      0x140 /opt/devkitpro/libogc/lib/wii/libbte.a(physbusif.o)
                0x00000000800134b4                physbusif_output
 .text.__console_clear_line
                0x00000000800135f4       0x94 /opt/devkitpro/libogc/lib/wii/libogc.a(console.o)
 .text.__console_clear
                0x0000000080013688       0x58 /opt/devkitpro/libogc/lib/wii/libogc.a(console.o)
 .text.__console_write
                0x00000000800136e0      0x680 /opt/devkitpro/libogc/lib/wii/libogc.a(console.o)
                0x00000000800136e0                __console_write
 .text.__console_init
                0x0000000080013d60      0x100 /opt/devkitpro/libogc/lib/wii/libogc.a(console.o)
                0x0000000080013d60                __console_init
 .text.CON_Init
                0x0000000080013e60        0x4 /opt/devkitpro/libogc/lib/wii/libogc.a(console.o)
                0x0000000080013e60                CON_Init
 .text.CON_EnableGecko
                0x0000000080013e64       0xa0 /opt/devkitpro/libogc/lib/wii/libogc.a(console.o)
                0x0000000080013e64                CON_EnableGecko
 .text.__lwp_queue_initialize
                0x0000000080013f04       0x3c /opt/devkitpro/libogc/lib/wii/libogc.a(lwp_queue.o)
                0x0000000080013f04                __lwp_queue_initialize
 .text.__lwp_queue_get
                0x0000000080013f40       0x64 /opt/devkitpro/libogc/lib/wii/libogc.a(lwp_queue.o)
                0x0000000080013f40                __lwp_queue_get
 .text.__lwp_queue_append
                0x0000000080013fa4       0x50 /opt/devkitpro/libogc/lib/wii/libogc.a(lwp_queue.o)
                0x0000000080013fa4                __lwp_queue_append
 .text.__lwp_priomap_addto
                0x0000000080013ff4       0x28 /opt/devkitpro/libogc/lib/wii/libogc.a(lwp_threads.o)
 .text.__lwp_thread_calcheir
                0x000000008001401c       0x3c /opt/devkitpro/libogc/lib/wii/libogc.a(lwp_threads.o)
 .text.__lwp_thread_dispatchunnest
                0x0000000080014058       0x10 /opt/devkitpro/libogc/lib/wii/libogc.a(lwp_threads.o)
 .text.__lwp_priomap_removefrom
                0x0000000080014068       0x38 /opt/devkitpro/libogc/lib/wii/libogc.a(lwp_threads.o)
 .text.__lwp_wd_insert_ticks.constprop.4
                0x00000000800140a0       0x60 /opt/devkitpro/libogc/lib/wii/libogc.a(lwp_threads.o)
 .text.__lwp_isr_in_progress
                0x0000000080014100        0x8 /opt/devkitpro/libogc/lib/wii/libogc.a(lwp_threads.o)
                0x0000000080014100                __lwp_isr_in_progress
 .text.__thread_dispatch_fp
                0x0000000080014108       0x7c /opt/devkitpro/libogc/lib/wii/libogc.a(lwp_threads.o)
                0x0000000080014108                __thread_dispatch_fp
 .text.__thread_dispatch
                0x0000000080014184       0xe0 /opt/devkitpro/libogc/lib/wii/libogc.a(lwp_threads.o)
                0x0000000080014184                __thread_dispatch
 .text.__lwp_thread_dispatchenable
                0x0000000080014264       0x18 /opt/devkitpro/libogc/lib/wii/libogc.a(lwp_threads.o)
 .text.__lwp_thread_resettimeslice
                0x000000008001427c       0xcc /opt/devkitpro/libogc/lib/wii/libogc.a(lwp_threads.o)
                0x000000008001427c                __lwp_thread_resettimeslice
 .text.__lwp_thread_tickle_timeslice
                0x0000000080014348       0x80 /opt/devkitpro/libogc/lib/wii/libogc.a(lwp_threads.o)
                0x0000000080014348                __lwp_thread_tickle_timeslice
 .text.__lwp_thread_setstate
                0x00000000800143c8       0xf8 /opt/devkitpro/libogc/lib/wii/libogc.a(lwp_threads.o)
                0x00000000800143c8                __lwp_thread_setstate
 .text.__lwp_thread_clearstate
                0x00000000800144c0       0xe8 /opt/devkitpro/libogc/lib/wii/libogc.a(lwp_threads.o)
                0x00000000800144c0                __lwp_thread_clearstate
 .text.__lwp_thread_delayended
                0x00000000800145a8       0x4c /opt/devkitpro/libogc/lib/wii/libogc.a(lwp_threads.o)
                0x00000000800145a8                __lwp_thread_delayended
 .text.__lwp_thread_setpriority
                0x00000000800145f4       0x5c /opt/devkitpro/libogc/lib/wii/libogc.a(lwp_threads.o)
                0x00000000800145f4                __lwp_thread_setpriority
 .text.__lwp_thread_settransient
                0x0000000080014650       0xa8 /opt/devkitpro/libogc/lib/wii/libogc.a(lwp_threads.o)
                0x0000000080014650                __lwp_thread_settransient
 .text.__lwp_thread_changepriority
                0x00000000800146f8      0x118 /opt/devkitpro/libogc/lib/wii/libogc.a(lwp_threads.o)
                0x00000000800146f8                __lwp_thread_changepriority
 .text.__lwp_thread_loadenv
                0x0000000080014810       0x78 /opt/devkitpro/libogc/lib/wii/libogc.a(lwp_threads.o)
                0x0000000080014810                __lwp_thread_loadenv
 .text.__lwp_thread_ready
                0x0000000080014888       0xc0 /opt/devkitpro/libogc/lib/wii/libogc.a(lwp_threads.o)
                0x0000000080014888                __lwp_thread_ready
 .text.__lwp_thread_init
                0x0000000080014948       0xf8 /opt/devkitpro/libogc/lib/wii/libogc.a(lwp_threads.o)
                0x0000000080014948                __lwp_thread_init
 .text.__lwp_thread_close
                0x0000000080014a40      0x108 /opt/devkitpro/libogc/lib/wii/libogc.a(lwp_threads.o)
                0x0000000080014a40                __lwp_thread_close
 .text.__lwp_thread_closeall
                0x0000000080014b48       0x9c /opt/devkitpro/libogc/lib/wii/libogc.a(lwp_threads.o)
                0x0000000080014b48                __lwp_thread_closeall
 .text.__lwp_thread_exit
                0x0000000080014be4       0x38 /opt/devkitpro/libogc/lib/wii/libogc.a(lwp_threads.o)
                0x0000000080014be4                __lwp_thread_exit
 .text.__lwp_thread_handler
                0x0000000080014c1c       0x68 /opt/devkitpro/libogc/lib/wii/libogc.a(lwp_threads.o)
 .text.__lwp_thread_start
                0x0000000080014c84       0x58 /opt/devkitpro/libogc/lib/wii/libogc.a(lwp_threads.o)
                0x0000000080014c84                __lwp_thread_start
 .text.__lwp_thread_startmultitasking
                0x0000000080014cdc       0x64 /opt/devkitpro/libogc/lib/wii/libogc.a(lwp_threads.o)
                0x0000000080014cdc                __lwp_thread_startmultitasking
 .text.__lwp_thread_stopmultitasking
                0x0000000080014d40       0x5c /opt/devkitpro/libogc/lib/wii/libogc.a(lwp_threads.o)
                0x0000000080014d40                __lwp_thread_stopmultitasking
 .text.__lwp_thread_coreinit
                0x0000000080014d9c       0xd8 /opt/devkitpro/libogc/lib/wii/libogc.a(lwp_threads.o)
                0x0000000080014d9c                __lwp_thread_coreinit
 .text.__lwp_objmgr_open
                0x0000000080014e74       0x20 /opt/devkitpro/libogc/lib/wii/libogc.a(lwp.o)
 .text.__lwp_thread_dispatchdisable
                0x0000000080014e94       0x10 /opt/devkitpro/libogc/lib/wii/libogc.a(lwp.o)
 .text.idle_func
                0x0000000080014ea4        0x4 /opt/devkitpro/libogc/lib/wii/libogc.a(lwp.o)
 .text.__lwp_thread_dispatchenable
                0x0000000080014ea8       0x34 /opt/devkitpro/libogc/lib/wii/libogc.a(lwp.o)
 .text.__lwp_tqueue_open
                0x0000000080014edc       0x48 /opt/devkitpro/libogc/lib/wii/libogc.a(lwp.o)
 .text.__lwp_sysinit
                0x0000000080014f24       0xec /opt/devkitpro/libogc/lib/wii/libogc.a(lwp.o)
                0x0000000080014f24                __lwp_sysinit
 .text.LWP_InitQueue
                0x0000000080015010       0x84 /opt/devkitpro/libogc/lib/wii/libogc.a(lwp.o)
                0x0000000080015010                LWP_InitQueue
 .text.LWP_CloseQueue
                0x0000000080015094       0x68 /opt/devkitpro/libogc/lib/wii/libogc.a(lwp.o)
                0x0000000080015094                LWP_CloseQueue
 .text.LWP_ThreadSleep
                0x00000000800150fc       0xa0 /opt/devkitpro/libogc/lib/wii/libogc.a(lwp.o)
                0x00000000800150fc                LWP_ThreadSleep
 .text.LWP_ThreadBroadcast
                0x000000008001519c       0x50 /opt/devkitpro/libogc/lib/wii/libogc.a(lwp.o)
                0x000000008001519c                LWP_ThreadBroadcast
 .text.LWP_ThreadSignal
                0x00000000800151ec       0x40 /opt/devkitpro/libogc/lib/wii/libogc.a(lwp.o)
                0x00000000800151ec                LWP_ThreadSignal
 .text.__lwp_stack_allocate
                0x000000008001522c       0x50 /opt/devkitpro/libogc/lib/wii/libogc.a(lwp_stack.o)
                0x000000008001522c                __lwp_stack_allocate
 .text.__lwp_stack_free
                0x000000008001527c       0x3c /opt/devkitpro/libogc/lib/wii/libogc.a(lwp_stack.o)
                0x000000008001527c                __lwp_stack_free
 .text.__lwp_wd_settimer.isra.3
                0x00000000800152b8       0xb4 /opt/devkitpro/libogc/lib/wii/libogc.a(lwp_watchdog.o)
 .text.__lwp_watchdog_init
                0x000000008001536c       0x2c /opt/devkitpro/libogc/lib/wii/libogc.a(lwp_watchdog.o)
                0x000000008001536c                __lwp_watchdog_init
 .text.__lwp_wd_insert
                0x0000000080015398      0x150 /opt/devkitpro/libogc/lib/wii/libogc.a(lwp_watchdog.o)
                0x0000000080015398                __lwp_wd_insert
 .text.__lwp_wd_remove
                0x00000000800154e8       0xd0 /opt/devkitpro/libogc/lib/wii/libogc.a(lwp_watchdog.o)
                0x00000000800154e8                __lwp_wd_remove
 .text.__lwp_wd_tickle
                0x00000000800155b8       0xfc /opt/devkitpro/libogc/lib/wii/libogc.a(lwp_watchdog.o)
                0x00000000800155b8                __lwp_wd_tickle
 .text.__lwp_wkspace_init
                0x00000000800156b4       0xa0 /opt/devkitpro/libogc/lib/wii/libogc.a(lwp_wkspace.o)
                0x00000000800156b4                __lwp_wkspace_init
 .text.__lwp_objmgr_initinfo
                0x0000000080015754      0x148 /opt/devkitpro/libogc/lib/wii/libogc.a(lwp_objmgr.o)
                0x0000000080015754                __lwp_objmgr_initinfo
 .text.__lwp_objmgr_getisrdisable
                0x000000008001589c       0x68 /opt/devkitpro/libogc/lib/wii/libogc.a(lwp_objmgr.o)
                0x000000008001589c                __lwp_objmgr_getisrdisable
 .text.__lwp_objmgr_getnoprotection
                0x0000000080015904       0x24 /opt/devkitpro/libogc/lib/wii/libogc.a(lwp_objmgr.o)
                0x0000000080015904                __lwp_objmgr_getnoprotection
 .text.__lwp_objmgr_get
                0x0000000080015928       0x68 /opt/devkitpro/libogc/lib/wii/libogc.a(lwp_objmgr.o)
                0x0000000080015928                __lwp_objmgr_get
 .text.__lwp_objmgr_allocate
                0x0000000080015990       0x78 /opt/devkitpro/libogc/lib/wii/libogc.a(lwp_objmgr.o)
                0x0000000080015990                __lwp_objmgr_allocate
 .text.__lwp_objmgr_free
                0x0000000080015a08       0x60 /opt/devkitpro/libogc/lib/wii/libogc.a(lwp_objmgr.o)
                0x0000000080015a08                __lwp_objmgr_free
 .text.__lwp_heap_init
                0x0000000080015a68       0xb0 /opt/devkitpro/libogc/lib/wii/libogc.a(lwp_heap.o)
                0x0000000080015a68                __lwp_heap_init
 .text.__lwp_heap_allocate
                0x0000000080015b18      0x130 /opt/devkitpro/libogc/lib/wii/libogc.a(lwp_heap.o)
                0x0000000080015b18                __lwp_heap_allocate
 .text.__lwp_heap_free
                0x0000000080015c48      0x1d8 /opt/devkitpro/libogc/lib/wii/libogc.a(lwp_heap.o)
                0x0000000080015c48                __lwp_heap_free
 .text.__SetInterrupts
                0x0000000080015e20      0x288 /opt/devkitpro/libogc/lib/wii/libogc.a(irq.o)
 .text.c_irqdispatcher
                0x00000000800160a8      0x28c /opt/devkitpro/libogc/lib/wii/libogc.a(irq.o)
                0x00000000800160a8                c_irqdispatcher
 .text.__UnmaskIrq
                0x0000000080016334       0x7c /opt/devkitpro/libogc/lib/wii/libogc.a(irq.o)
                0x0000000080016334                __UnmaskIrq
 .text.__MaskIrq
                0x00000000800163b0       0x7c /opt/devkitpro/libogc/lib/wii/libogc.a(irq.o)
                0x00000000800163b0                __MaskIrq
 .text.__irq_init
                0x000000008001642c       0x94 /opt/devkitpro/libogc/lib/wii/libogc.a(irq.o)
                0x000000008001642c                __irq_init
 .text.IRQ_Request
                0x00000000800164c0       0x54 /opt/devkitpro/libogc/lib/wii/libogc.a(irq.o)
                0x00000000800164c0                IRQ_Request
 .text.IRQ_GetHandler
                0x0000000080016514       0x48 /opt/devkitpro/libogc/lib/wii/libogc.a(irq.o)
                0x0000000080016514                IRQ_GetHandler
 .text.IRQ_Disable
                0x000000008001655c       0x24 /opt/devkitpro/libogc/lib/wii/libogc.a(irq.o)
                0x000000008001655c                IRQ_Disable
 .text.IRQ_Restore
                0x0000000080016580       0x1c /opt/devkitpro/libogc/lib/wii/libogc.a(irq.o)
                0x0000000080016580                IRQ_Restore
 .text.__viOpenI2C